[0.007s] Invoking command in '/home/sriramk/unitree_ws/build/unitree_legged_real': CMAKE_PREFIX_PATH=/home/sriramk/unitree_ws/install/ros2_unitree_legged_msgs:/home/sriramk/unitree_ws/install/unitree_legged_real:/home/sriramk/unitree_ws/install/go1_tools_low:/home/sriramk/unitree_ws/install/go1_tools_high:/home/sriramk/unitree_ws/install/go1_description:/home/sriramk/Quadruped-PyMPC/ros2/msgs_ws/install/dls2_interface:/home/sriramk/UFactory-850/install/xarm_planner:/home/sriramk/UFactory-850/install/xarm_moveit_servo:/home/sriramk/UFactory-850/install/xarm_moveit_config:/home/sriramk/UFactory-850/install/xarm_gazebo:/home/sriramk/UFactory-850/install/xarm_controller:/home/sriramk/UFactory-850/install/d435i_xarm_setup:/home/sriramk/UFactory-850/install/xarm_api:/home/sriramk/UFactory-850/install/xarm_sdk:/home/sriramk/UFactory-850/install/xarm_msgs:/home/sriramk/UFactory-850/install/xarm_description:/home/sriramk/UFactory-850/install/realsense_gazebo_plugin:/home/sriramk/UFactory-850/install/mbot_demo:/home/sriramk/UFactory-850/install/uf_ros_lib:/opt/ros/humble LD_LIBRARY_PATH=/home/sriramk/unitree_ws/install/ros2_unitree_legged_msgs/lib:/home/sriramk/unitree_ws/install/unitree_legged_real/lib:/home/sriramk/unitree_ws/install/go1_tools_low/lib:/home/sriramk/unitree_ws/install/go1_tools_high/lib:/home/sriramk/Quadruped-PyMPC/ros2/msgs_ws/install/dls2_interface/lib:/home/sriramk/UFactory-850/install/xarm_planner/lib:/home/sriramk/UFactory-850/install/xarm_moveit_servo/lib:/home/sriramk/UFactory-850/install/xarm_gazebo/lib:/home/sriramk/UFactory-850/install/xarm_controller/lib:/home/sriramk/UFactory-850/install/xarm_api/lib:/home/sriramk/UFactory-850/install/xarm_sdk/lib:/home/sriramk/UFactory-850/install/xarm_msgs/lib:/home/sriramk/UFactory-850/install/realsense_gazebo_plugin/lib:/usr/lib/x86_64-linux-gnu/gazebo-11/plugins:/opt/ros/humble/opt/rviz_ogre_vendor/lib:/opt/ros/humble/lib/x86_64-linux-gnu:/opt/ros/humble/lib:/home/sriramk/Quadruped-PyMPC/quadruped_pympc/acados/lib /opt/cmake-3.28.3-linux-x86_64/bin/cmake /home/sriramk/unitree_ws/src/unitree_ros2/unitree_legged_real -DAMENT_CMAKE_SYMLINK_INSTALL=1 -DCMAKE_INSTALL_PREFIX=/home/sriramk/unitree_ws/install/unitree_legged_real
[0.037s] -- The C compiler identification is GNU 11.4.0
[0.073s] -- The CXX compiler identification is GNU 11.4.0
[0.084s] -- Detecting C compiler ABI info
[0.128s] -- Detecting C compiler ABI info - done
[0.138s] -- Check for working C compiler: /usr/bin/cc - skipped
[0.138s] -- Detecting C compile features
[0.138s] -- Detecting C compile features - done
[0.145s] -- Detecting CXX compiler ABI info
[0.189s] -- Detecting CXX compiler ABI info - done
[0.195s] -- Check for working CXX compiler: /usr/bin/c++ - skipped
[0.195s] -- Detecting CXX compile features
[0.196s] -- Detecting CXX compile features - done
[0.197s] -- Found ament_cmake: 1.3.12 (/opt/ros/humble/share/ament_cmake/cmake)
[0.316s] -- Found Python3: /usr/bin/python3 (found version "3.10.12") found components: Interpreter 
[0.356s] -- Override CMake install command with custom implementation using symlinks instead of copying resources
[0.380s] -- Found rclcpp: 16.0.14 (/opt/ros/humble/share/rclcpp/cmake)
[0.410s] -- Found rosidl_generator_c: 3.1.7 (/opt/ros/humble/share/rosidl_generator_c/cmake)
[0.414s] -- Found rosidl_adapter: 3.1.7 (/opt/ros/humble/share/rosidl_adapter/cmake)
[0.420s] -- Found rosidl_generator_cpp: 3.1.7 (/opt/ros/humble/share/rosidl_generator_cpp/cmake)
[0.429s] -- Using all available rosidl_typesupport_c: rosidl_typesupport_fastrtps_c;rosidl_typesupport_introspection_c
[0.441s] -- Using all available rosidl_typesupport_cpp: rosidl_typesupport_fastrtps_cpp;rosidl_typesupport_introspection_cpp
[0.474s] -- Found rmw_implementation_cmake: 6.1.2 (/opt/ros/humble/share/rmw_implementation_cmake/cmake)
[0.476s] -- Found rmw_cyclonedds_cpp: 1.3.4 (/opt/ros/humble/share/rmw_cyclonedds_cpp/cmake)
[0.493s] -- Using RMW implementation 'rmw_cyclonedds_cpp' as default
[0.499s] -- Performing Test CMAKE_HAVE_LIBC_PTHREAD
[0.547s] -- Performing Test CMAKE_HAVE_LIBC_PTHREAD - Success
[0.547s] -- Found Threads: TRUE  
[0.586s] -- Found geometry_msgs: 4.9.0 (/opt/ros/humble/share/geometry_msgs/cmake)
[0.596s] -- Found sensor_msgs: 4.9.0 (/opt/ros/humble/share/sensor_msgs/cmake)
[0.610s] -- Found ros2_unitree_legged_msgs: 0.4.0 (/home/sriramk/unitree_ws/install/ros2_unitree_legged_msgs/share/ros2_unitree_legged_msgs/cmake)
[0.616s] -- -- CMAKE_SYSTEM_PROCESSOR: x86_64
[0.664s] -- Configuring done (0.7s)
[0.682s] -- Generating done (0.0s)
[0.688s] -- Build files have been written to: /home/sriramk/unitree_ws/build/unitree_legged_real
[0.693s] Invoked command in '/home/sriramk/unitree_ws/build/unitree_legged_real' returned '0': CMAKE_PREFIX_PATH=/home/sriramk/unitree_ws/install/ros2_unitree_legged_msgs:/home/sriramk/unitree_ws/install/unitree_legged_real:/home/sriramk/unitree_ws/install/go1_tools_low:/home/sriramk/unitree_ws/install/go1_tools_high:/home/sriramk/unitree_ws/install/go1_description:/home/sriramk/Quadruped-PyMPC/ros2/msgs_ws/install/dls2_interface:/home/sriramk/UFactory-850/install/xarm_planner:/home/sriramk/UFactory-850/install/xarm_moveit_servo:/home/sriramk/UFactory-850/install/xarm_moveit_config:/home/sriramk/UFactory-850/install/xarm_gazebo:/home/sriramk/UFactory-850/install/xarm_controller:/home/sriramk/UFactory-850/install/d435i_xarm_setup:/home/sriramk/UFactory-850/install/xarm_api:/home/sriramk/UFactory-850/install/xarm_sdk:/home/sriramk/UFactory-850/install/xarm_msgs:/home/sriramk/UFactory-850/install/xarm_description:/home/sriramk/UFactory-850/install/realsense_gazebo_plugin:/home/sriramk/UFactory-850/install/mbot_demo:/home/sriramk/UFactory-850/install/uf_ros_lib:/opt/ros/humble LD_LIBRARY_PATH=/home/sriramk/unitree_ws/install/ros2_unitree_legged_msgs/lib:/home/sriramk/unitree_ws/install/unitree_legged_real/lib:/home/sriramk/unitree_ws/install/go1_tools_low/lib:/home/sriramk/unitree_ws/install/go1_tools_high/lib:/home/sriramk/Quadruped-PyMPC/ros2/msgs_ws/install/dls2_interface/lib:/home/sriramk/UFactory-850/install/xarm_planner/lib:/home/sriramk/UFactory-850/install/xarm_moveit_servo/lib:/home/sriramk/UFactory-850/install/xarm_gazebo/lib:/home/sriramk/UFactory-850/install/xarm_controller/lib:/home/sriramk/UFactory-850/install/xarm_api/lib:/home/sriramk/UFactory-850/install/xarm_sdk/lib:/home/sriramk/UFactory-850/install/xarm_msgs/lib:/home/sriramk/UFactory-850/install/realsense_gazebo_plugin/lib:/usr/lib/x86_64-linux-gnu/gazebo-11/plugins:/opt/ros/humble/opt/rviz_ogre_vendor/lib:/opt/ros/humble/lib/x86_64-linux-gnu:/opt/ros/humble/lib:/home/sriramk/Quadruped-PyMPC/quadruped_pympc/acados/lib /opt/cmake-3.28.3-linux-x86_64/bin/cmake /home/sriramk/unitree_ws/src/unitree_ros2/unitree_legged_real -DAMENT_CMAKE_SYMLINK_INSTALL=1 -DCMAKE_INSTALL_PREFIX=/home/sriramk/unitree_ws/install/unitree_legged_real
[0.694s] Invoking command in '/home/sriramk/unitree_ws/build/unitree_legged_real': CMAKE_PREFIX_PATH=/home/sriramk/unitree_ws/install/ros2_unitree_legged_msgs:/home/sriramk/unitree_ws/install/unitree_legged_real:/home/sriramk/unitree_ws/install/go1_tools_low:/home/sriramk/unitree_ws/install/go1_tools_high:/home/sriramk/unitree_ws/install/go1_description:/home/sriramk/Quadruped-PyMPC/ros2/msgs_ws/install/dls2_interface:/home/sriramk/UFactory-850/install/xarm_planner:/home/sriramk/UFactory-850/install/xarm_moveit_servo:/home/sriramk/UFactory-850/install/xarm_moveit_config:/home/sriramk/UFactory-850/install/xarm_gazebo:/home/sriramk/UFactory-850/install/xarm_controller:/home/sriramk/UFactory-850/install/d435i_xarm_setup:/home/sriramk/UFactory-850/install/xarm_api:/home/sriramk/UFactory-850/install/xarm_sdk:/home/sriramk/UFactory-850/install/xarm_msgs:/home/sriramk/UFactory-850/install/xarm_description:/home/sriramk/UFactory-850/install/realsense_gazebo_plugin:/home/sriramk/UFactory-850/install/mbot_demo:/home/sriramk/UFactory-850/install/uf_ros_lib:/opt/ros/humble LD_LIBRARY_PATH=/home/sriramk/unitree_ws/install/ros2_unitree_legged_msgs/lib:/home/sriramk/unitree_ws/install/unitree_legged_real/lib:/home/sriramk/unitree_ws/install/go1_tools_low/lib:/home/sriramk/unitree_ws/install/go1_tools_high/lib:/home/sriramk/Quadruped-PyMPC/ros2/msgs_ws/install/dls2_interface/lib:/home/sriramk/UFactory-850/install/xarm_planner/lib:/home/sriramk/UFactory-850/install/xarm_moveit_servo/lib:/home/sriramk/UFactory-850/install/xarm_gazebo/lib:/home/sriramk/UFactory-850/install/xarm_controller/lib:/home/sriramk/UFactory-850/install/xarm_api/lib:/home/sriramk/UFactory-850/install/xarm_sdk/lib:/home/sriramk/UFactory-850/install/xarm_msgs/lib:/home/sriramk/UFactory-850/install/realsense_gazebo_plugin/lib:/usr/lib/x86_64-linux-gnu/gazebo-11/plugins:/opt/ros/humble/opt/rviz_ogre_vendor/lib:/opt/ros/humble/lib/x86_64-linux-gnu:/opt/ros/humble/lib:/home/sriramk/Quadruped-PyMPC/quadruped_pympc/acados/lib /opt/cmake-3.28.3-linux-x86_64/bin/cmake --build /home/sriramk/unitree_ws/build/unitree_legged_real -- -j24 -l24
[0.708s] [  6%] [32mBuilding CXX object CMakeFiles/udp_high.dir/src/udp_high.cpp.o[0m
[0.708s] [ 12%] [32mBuilding CXX object CMakeFiles/ros2_udp.dir/src/ros2_udp.cpp.o[0m
[0.708s] [ 18%] [32mBuilding CXX object CMakeFiles/udp_low.dir/src/udp_low.cpp.o[0m
[0.709s] [ 25%] [32mBuilding CXX object CMakeFiles/jsp_high.dir/src/jsp_high.cpp.o[0m
[0.709s] [ 37%] [32mBuilding CXX object CMakeFiles/ros2_walk_example.dir/src/ros2_walk_example.cpp.o[0m
[0.709s] [ 37%] [32mBuilding CXX object CMakeFiles/ros2_position_example.dir/src/ros2_position_example.cpp.o[0m
[0.709s] [ 43%] [32mBuilding CXX object CMakeFiles/jsp_low.dir/src/jsp_low.cpp.o[0m
[0.709s] [ 50%] [32mBuilding CXX object CMakeFiles/custom_gait.dir/src/custom_gait.cpp.o[0m
[4.056s] [ 56%] [32m[1mLinking CXX executable ros2_walk_example[0m
[4.120s] [ 56%] Built target ros2_walk_example
[5.844s] [ 62%] [32m[1mLinking CXX executable ros2_position_example[0m
[5.947s] [ 62%] Built target ros2_position_example
[7.033s] [ 68%] [32m[1mLinking CXX executable custom_gait[0m
[7.079s] [ 75%] [32m[1mLinking CXX executable udp_low[0m
[7.115s] [ 75%] Built target custom_gait
[7.169s] [ 75%] Built target udp_low
[7.375s] [ 81%] [32m[1mLinking CXX executable jsp_high[0m
[7.455s] [ 81%] Built target jsp_high
[7.984s] [ 87%] [32m[1mLinking CXX executable udp_high[0m
[8.068s] [ 87%] Built target udp_high
[9.357s] [ 93%] [32m[1mLinking CXX executable ros2_udp[0m
[9.448s] [ 93%] Built target ros2_udp
[10.077s] [100%] [32m[1mLinking CXX executable jsp_low[0m
[10.172s] [100%] Built target jsp_low
[10.175s] Invoked command in '/home/sriramk/unitree_ws/build/unitree_legged_real' returned '0': CMAKE_PREFIX_PATH=/home/sriramk/unitree_ws/install/ros2_unitree_legged_msgs:/home/sriramk/unitree_ws/install/unitree_legged_real:/home/sriramk/unitree_ws/install/go1_tools_low:/home/sriramk/unitree_ws/install/go1_tools_high:/home/sriramk/unitree_ws/install/go1_description:/home/sriramk/Quadruped-PyMPC/ros2/msgs_ws/install/dls2_interface:/home/sriramk/UFactory-850/install/xarm_planner:/home/sriramk/UFactory-850/install/xarm_moveit_servo:/home/sriramk/UFactory-850/install/xarm_moveit_config:/home/sriramk/UFactory-850/install/xarm_gazebo:/home/sriramk/UFactory-850/install/xarm_controller:/home/sriramk/UFactory-850/install/d435i_xarm_setup:/home/sriramk/UFactory-850/install/xarm_api:/home/sriramk/UFactory-850/install/xarm_sdk:/home/sriramk/UFactory-850/install/xarm_msgs:/home/sriramk/UFactory-850/install/xarm_description:/home/sriramk/UFactory-850/install/realsense_gazebo_plugin:/home/sriramk/UFactory-850/install/mbot_demo:/home/sriramk/UFactory-850/install/uf_ros_lib:/opt/ros/humble LD_LIBRARY_PATH=/home/sriramk/unitree_ws/install/ros2_unitree_legged_msgs/lib:/home/sriramk/unitree_ws/install/unitree_legged_real/lib:/home/sriramk/unitree_ws/install/go1_tools_low/lib:/home/sriramk/unitree_ws/install/go1_tools_high/lib:/home/sriramk/Quadruped-PyMPC/ros2/msgs_ws/install/dls2_interface/lib:/home/sriramk/UFactory-850/install/xarm_planner/lib:/home/sriramk/UFactory-850/install/xarm_moveit_servo/lib:/home/sriramk/UFactory-850/install/xarm_gazebo/lib:/home/sriramk/UFactory-850/install/xarm_controller/lib:/home/sriramk/UFactory-850/install/xarm_api/lib:/home/sriramk/UFactory-850/install/xarm_sdk/lib:/home/sriramk/UFactory-850/install/xarm_msgs/lib:/home/sriramk/UFactory-850/install/realsense_gazebo_plugin/lib:/usr/lib/x86_64-linux-gnu/gazebo-11/plugins:/opt/ros/humble/opt/rviz_ogre_vendor/lib:/opt/ros/humble/lib/x86_64-linux-gnu:/opt/ros/humble/lib:/home/sriramk/Quadruped-PyMPC/quadruped_pympc/acados/lib /opt/cmake-3.28.3-linux-x86_64/bin/cmake --build /home/sriramk/unitree_ws/build/unitree_legged_real -- -j24 -l24
[10.175s] Invoking command in '/home/sriramk/unitree_ws/build/unitree_legged_real': CMAKE_PREFIX_PATH=/home/sriramk/unitree_ws/install/ros2_unitree_legged_msgs:/home/sriramk/unitree_ws/install/unitree_legged_real:/home/sriramk/unitree_ws/install/go1_tools_low:/home/sriramk/unitree_ws/install/go1_tools_high:/home/sriramk/unitree_ws/install/go1_description:/home/sriramk/Quadruped-PyMPC/ros2/msgs_ws/install/dls2_interface:/home/sriramk/UFactory-850/install/xarm_planner:/home/sriramk/UFactory-850/install/xarm_moveit_servo:/home/sriramk/UFactory-850/install/xarm_moveit_config:/home/sriramk/UFactory-850/install/xarm_gazebo:/home/sriramk/UFactory-850/install/xarm_controller:/home/sriramk/UFactory-850/install/d435i_xarm_setup:/home/sriramk/UFactory-850/install/xarm_api:/home/sriramk/UFactory-850/install/xarm_sdk:/home/sriramk/UFactory-850/install/xarm_msgs:/home/sriramk/UFactory-850/install/xarm_description:/home/sriramk/UFactory-850/install/realsense_gazebo_plugin:/home/sriramk/UFactory-850/install/mbot_demo:/home/sriramk/UFactory-850/install/uf_ros_lib:/opt/ros/humble LD_LIBRARY_PATH=/home/sriramk/unitree_ws/install/ros2_unitree_legged_msgs/lib:/home/sriramk/unitree_ws/install/unitree_legged_real/lib:/home/sriramk/unitree_ws/install/go1_tools_low/lib:/home/sriramk/unitree_ws/install/go1_tools_high/lib:/home/sriramk/Quadruped-PyMPC/ros2/msgs_ws/install/dls2_interface/lib:/home/sriramk/UFactory-850/install/xarm_planner/lib:/home/sriramk/UFactory-850/install/xarm_moveit_servo/lib:/home/sriramk/UFactory-850/install/xarm_gazebo/lib:/home/sriramk/UFactory-850/install/xarm_controller/lib:/home/sriramk/UFactory-850/install/xarm_api/lib:/home/sriramk/UFactory-850/install/xarm_sdk/lib:/home/sriramk/UFactory-850/install/xarm_msgs/lib:/home/sriramk/UFactory-850/install/realsense_gazebo_plugin/lib:/usr/lib/x86_64-linux-gnu/gazebo-11/plugins:/opt/ros/humble/opt/rviz_ogre_vendor/lib:/opt/ros/humble/lib/x86_64-linux-gnu:/opt/ros/humble/lib:/home/sriramk/Quadruped-PyMPC/quadruped_pympc/acados/lib /opt/cmake-3.28.3-linux-x86_64/bin/cmake --install /home/sriramk/unitree_ws/build/unitree_legged_real
[10.177s] -- Install configuration: ""
[10.177s] -- Execute custom install script
[10.177s] -- Symlinking: /home/sriramk/unitree_ws/install/unitree_legged_real/lib/libunitree_legged_sdk_amd64.so
[10.179s] -- Symlinking: /home/sriramk/unitree_ws/install/unitree_legged_real/lib/libunitree_legged_sdk_arm64.so
[10.180s] -- Symlinking: /home/sriramk/unitree_ws/install/unitree_legged_real/lib/unitree_legged_real/ros2_udp
[10.182s] -- Symlinking: /home/sriramk/unitree_ws/install/unitree_legged_real/lib/unitree_legged_real/udp_high
[10.184s] -- Symlinking: /home/sriramk/unitree_ws/install/unitree_legged_real/lib/unitree_legged_real/jsp_high
[10.185s] -- Symlinking: /home/sriramk/unitree_ws/install/unitree_legged_real/lib/unitree_legged_real/jsp_low
[10.186s] -- Symlinking: /home/sriramk/unitree_ws/install/unitree_legged_real/lib/unitree_legged_real/udp_low
[10.188s] -- Symlinking: /home/sriramk/unitree_ws/install/unitree_legged_real/lib/unitree_legged_real/ros2_walk_example
[10.189s] -- Symlinking: /home/sriramk/unitree_ws/install/unitree_legged_real/lib/unitree_legged_real/ros2_position_example
[10.191s] -- Symlinking: /home/sriramk/unitree_ws/install/unitree_legged_real/lib/unitree_legged_real/custom_gait
[10.192s] -- Symlinking: /home/sriramk/unitree_ws/install/unitree_legged_real/share/unitree_legged_real/launch/high.launch.py
[10.194s] -- Symlinking: /home/sriramk/unitree_ws/install/unitree_legged_real/share/unitree_legged_real/launch/low.launch.py
[10.196s] -- Symlinking: /home/sriramk/unitree_ws/install/unitree_legged_real/share/unitree_legged_real/config/cmd_only.rviz
[10.197s] -- Symlinking: /home/sriramk/unitree_ws/install/unitree_legged_real/share/unitree_legged_real/config/state_and_cmd.rviz
[10.199s] -- Symlinking: /home/sriramk/unitree_ws/install/unitree_legged_real/share/unitree_legged_real/config/state_only.rviz
[10.200s] -- Symlinking: /home/sriramk/unitree_ws/install/unitree_legged_real/share/ament_index/resource_index/package_run_dependencies/unitree_legged_real
[10.202s] -- Symlinking: /home/sriramk/unitree_ws/install/unitree_legged_real/share/ament_index/resource_index/parent_prefix_path/unitree_legged_real
[10.204s] -- Symlinking: /home/sriramk/unitree_ws/install/unitree_legged_real/share/unitree_legged_real/environment/ament_prefix_path.sh
[10.205s] -- Symlinking: /home/sriramk/unitree_ws/install/unitree_legged_real/share/unitree_legged_real/environment/ament_prefix_path.dsv
[10.207s] -- Symlinking: /home/sriramk/unitree_ws/install/unitree_legged_real/share/unitree_legged_real/environment/path.sh
[10.208s] -- Symlinking: /home/sriramk/unitree_ws/install/unitree_legged_real/share/unitree_legged_real/environment/path.dsv
[10.210s] -- Symlinking: /home/sriramk/unitree_ws/install/unitree_legged_real/share/unitree_legged_real/local_setup.bash
[10.211s] -- Symlinking: /home/sriramk/unitree_ws/install/unitree_legged_real/share/unitree_legged_real/local_setup.sh
[10.213s] -- Symlinking: /home/sriramk/unitree_ws/install/unitree_legged_real/share/unitree_legged_real/local_setup.zsh
[10.214s] -- Symlinking: /home/sriramk/unitree_ws/install/unitree_legged_real/share/unitree_legged_real/local_setup.dsv
[10.216s] -- Symlinking: /home/sriramk/unitree_ws/install/unitree_legged_real/share/unitree_legged_real/package.dsv
[10.218s] -- Symlinking: /home/sriramk/unitree_ws/install/unitree_legged_real/share/ament_index/resource_index/packages/unitree_legged_real
[10.219s] -- Symlinking: /home/sriramk/unitree_ws/install/unitree_legged_real/share/unitree_legged_real/cmake/unitree_legged_realConfig.cmake
[10.221s] -- Symlinking: /home/sriramk/unitree_ws/install/unitree_legged_real/share/unitree_legged_real/cmake/unitree_legged_realConfig-version.cmake
[10.223s] -- Symlinking: /home/sriramk/unitree_ws/install/unitree_legged_real/share/unitree_legged_real/package.xml
[10.225s] Invoked command in '/home/sriramk/unitree_ws/build/unitree_legged_real' returned '0': CMAKE_PREFIX_PATH=/home/sriramk/unitree_ws/install/ros2_unitree_legged_msgs:/home/sriramk/unitree_ws/install/unitree_legged_real:/home/sriramk/unitree_ws/install/go1_tools_low:/home/sriramk/unitree_ws/install/go1_tools_high:/home/sriramk/unitree_ws/install/go1_description:/home/sriramk/Quadruped-PyMPC/ros2/msgs_ws/install/dls2_interface:/home/sriramk/UFactory-850/install/xarm_planner:/home/sriramk/UFactory-850/install/xarm_moveit_servo:/home/sriramk/UFactory-850/install/xarm_moveit_config:/home/sriramk/UFactory-850/install/xarm_gazebo:/home/sriramk/UFactory-850/install/xarm_controller:/home/sriramk/UFactory-850/install/d435i_xarm_setup:/home/sriramk/UFactory-850/install/xarm_api:/home/sriramk/UFactory-850/install/xarm_sdk:/home/sriramk/UFactory-850/install/xarm_msgs:/home/sriramk/UFactory-850/install/xarm_description:/home/sriramk/UFactory-850/install/realsense_gazebo_plugin:/home/sriramk/UFactory-850/install/mbot_demo:/home/sriramk/UFactory-850/install/uf_ros_lib:/opt/ros/humble LD_LIBRARY_PATH=/home/sriramk/unitree_ws/install/ros2_unitree_legged_msgs/lib:/home/sriramk/unitree_ws/install/unitree_legged_real/lib:/home/sriramk/unitree_ws/install/go1_tools_low/lib:/home/sriramk/unitree_ws/install/go1_tools_high/lib:/home/sriramk/Quadruped-PyMPC/ros2/msgs_ws/install/dls2_interface/lib:/home/sriramk/UFactory-850/install/xarm_planner/lib:/home/sriramk/UFactory-850/install/xarm_moveit_servo/lib:/home/sriramk/UFactory-850/install/xarm_gazebo/lib:/home/sriramk/UFactory-850/install/xarm_controller/lib:/home/sriramk/UFactory-850/install/xarm_api/lib:/home/sriramk/UFactory-850/install/xarm_sdk/lib:/home/sriramk/UFactory-850/install/xarm_msgs/lib:/home/sriramk/UFactory-850/install/realsense_gazebo_plugin/lib:/usr/lib/x86_64-linux-gnu/gazebo-11/plugins:/opt/ros/humble/opt/rviz_ogre_vendor/lib:/opt/ros/humble/lib/x86_64-linux-gnu:/opt/ros/humble/lib:/home/sriramk/Quadruped-PyMPC/quadruped_pympc/acados/lib /opt/cmake-3.28.3-linux-x86_64/bin/cmake --install /home/sriramk/unitree_ws/build/unitree_legged_real
