-- The C compiler identification is GNU 11.4.0
-- The CXX compiler identification is GNU 11.4.0
-- Detecting C compiler ABI info
-- Detecting C compiler ABI info - done
-- Check for working C compiler: /usr/bin/cc - skipped
-- Detecting C compile features
-- Detecting C compile features - done
-- Detecting CXX compiler ABI info
-- Detecting CXX compiler ABI info - done
-- Check for working CXX compiler: /usr/bin/c++ - skipped
-- Detecting CXX compile features
-- Detecting CXX compile features - done
-- Found ament_cmake: 1.3.12 (/opt/ros/humble/share/ament_cmake/cmake)
-- Found Python3: /usr/bin/python3 (found version "3.10.12") found components: Interpreter 
-- Override CMake install command with custom implementation using symlinks instead of copying resources
-- Found rclcpp: 16.0.14 (/opt/ros/humble/share/rclcpp/cmake)
-- Found rosidl_generator_c: 3.1.7 (/opt/ros/humble/share/rosidl_generator_c/cmake)
-- Found rosidl_adapter: 3.1.7 (/opt/ros/humble/share/rosidl_adapter/cmake)
-- Found rosidl_generator_cpp: 3.1.7 (/opt/ros/humble/share/rosidl_generator_cpp/cmake)
-- Using all available rosidl_typesupport_c: rosidl_typesupport_fastrtps_c;rosidl_typesupport_introspection_c
-- Using all available rosidl_typesupport_cpp: rosidl_typesupport_fastrtps_cpp;rosidl_typesupport_introspection_cpp
-- Found rmw_implementation_cmake: 6.1.2 (/opt/ros/humble/share/rmw_implementation_cmake/cmake)
-- Found rmw_cyclonedds_cpp: 1.3.4 (/opt/ros/humble/share/rmw_cyclonedds_cpp/cmake)
-- Using RMW implementation 'rmw_cyclonedds_cpp' as default
-- Performing Test CMAKE_HAVE_LIBC_PTHREAD
-- Performing Test CMAKE_HAVE_LIBC_PTHREAD - Success
-- Found Threads: TRUE  
-- Found ros2_unitree_legged_msgs: 0.4.0 (/home/sriramk/unitree_ws/install/ros2_unitree_legged_msgs/share/ros2_unitree_legged_msgs/cmake)
-- Found geometry_msgs: 4.9.0 (/opt/ros/humble/share/geometry_msgs/cmake)
-- Found sensor_msgs: 4.9.0 (/opt/ros/humble/share/sensor_msgs/cmake)
-- Configuring done (0.7s)
-- Generating done (0.0s)
-- Build files have been written to: /home/sriramk/unitree_ws/build/go1_tools_low
[ 25%] [32mBuilding CXX object CMakeFiles/ros2_torque_example.dir/src/ros2_torque_example.cpp.o[0m
[ 50%] [32mBuilding CXX object CMakeFiles/ros2_standup_controller.dir/src/ros2_standup_controller.cpp.o[0m
[ 75%] [32m[1mLinking CXX executable ros2_standup_controller[0m
[ 75%] Built target ros2_standup_controller
[100%] [32m[1mLinking CXX executable ros2_torque_example[0m
[100%] Built target ros2_torque_example
-- Install configuration: ""
-- Execute custom install script
-- Symlinking: /home/sriramk/unitree_ws/install/go1_tools_low/lib/libunitree_legged_sdk_amd64.so
-- Symlinking: /home/sriramk/unitree_ws/install/go1_tools_low/lib/libunitree_legged_sdk_arm64.so
-- Symlinking: /home/sriramk/unitree_ws/install/go1_tools_low/lib/go1_tools_low/ros2_torque_example
-- Symlinking: /home/sriramk/unitree_ws/install/go1_tools_low/lib/go1_tools_low/ros2_standup_controller
-- Symlinking: /home/sriramk/unitree_ws/install/go1_tools_low/lib/go1_tools_low/go1_low_state_converter.py
-- Symlinking: /home/sriramk/unitree_ws/install/go1_tools_low/lib/go1_tools_low/srb_velocity_estimator.py
-- Symlinking: /home/sriramk/unitree_ws/install/go1_tools_low/lib/go1_tools_low/pympc_pd_bridge.py
-- Symlinking: /home/sriramk/unitree_ws/install/go1_tools_low/share/go1_tools_low/launch/go1_pympc_bringup.launch.py
-- Symlinking: /home/sriramk/unitree_ws/install/go1_tools_low/share/go1_tools_low/config/ekf_imu_twist_srb.yaml
-- Symlinking: /home/sriramk/unitree_ws/install/go1_tools_low/share/go1_tools_low/config/ekf_legodom.yaml
-- Symlinking: /home/sriramk/unitree_ws/install/go1_tools_low/share/go1_tools_low/config/ekf_low_imu.yaml
-- Symlinking: /home/sriramk/unitree_ws/install/go1_tools_low/share/go1_tools_low/config/go1_debug_low.xml
-- Symlinking: /home/sriramk/unitree_ws/install/go1_tools_low/share/ament_index/resource_index/package_run_dependencies/go1_tools_low
-- Symlinking: /home/sriramk/unitree_ws/install/go1_tools_low/share/ament_index/resource_index/parent_prefix_path/go1_tools_low
-- Symlinking: /home/sriramk/unitree_ws/install/go1_tools_low/share/go1_tools_low/environment/ament_prefix_path.sh
-- Symlinking: /home/sriramk/unitree_ws/install/go1_tools_low/share/go1_tools_low/environment/ament_prefix_path.dsv
-- Symlinking: /home/sriramk/unitree_ws/install/go1_tools_low/share/go1_tools_low/environment/path.sh
-- Symlinking: /home/sriramk/unitree_ws/install/go1_tools_low/share/go1_tools_low/environment/path.dsv
-- Symlinking: /home/sriramk/unitree_ws/install/go1_tools_low/share/go1_tools_low/local_setup.bash
-- Symlinking: /home/sriramk/unitree_ws/install/go1_tools_low/share/go1_tools_low/local_setup.sh
-- Symlinking: /home/sriramk/unitree_ws/install/go1_tools_low/share/go1_tools_low/local_setup.zsh
-- Symlinking: /home/sriramk/unitree_ws/install/go1_tools_low/share/go1_tools_low/local_setup.dsv
-- Symlinking: /home/sriramk/unitree_ws/install/go1_tools_low/share/go1_tools_low/package.dsv
-- Symlinking: /home/sriramk/unitree_ws/install/go1_tools_low/share/ament_index/resource_index/packages/go1_tools_low
-- Symlinking: /home/sriramk/unitree_ws/install/go1_tools_low/share/go1_tools_low/cmake/go1_tools_lowConfig.cmake
-- Symlinking: /home/sriramk/unitree_ws/install/go1_tools_low/share/go1_tools_low/cmake/go1_tools_lowConfig-version.cmake
-- Symlinking: /home/sriramk/unitree_ws/install/go1_tools_low/share/go1_tools_low/package.xml
