[0.007s] Invoking command in '/home/sriramk/unitree_ws/build/go1_tools_low': CMAKE_PREFIX_PATH=/home/sriramk/unitree_ws/install/ros2_unitree_legged_msgs:/home/sriramk/unitree_ws/install/unitree_legged_real:/home/sriramk/unitree_ws/install/go1_tools_low:/home/sriramk/unitree_ws/install/go1_tools_high:/home/sriramk/unitree_ws/install/go1_description:/home/sriramk/Quadruped-PyMPC/ros2/msgs_ws/install/dls2_interface:/home/sriramk/UFactory-850/install/xarm_planner:/home/sriramk/UFactory-850/install/xarm_moveit_servo:/home/sriramk/UFactory-850/install/xarm_moveit_config:/home/sriramk/UFactory-850/install/xarm_gazebo:/home/sriramk/UFactory-850/install/xarm_controller:/home/sriramk/UFactory-850/install/d435i_xarm_setup:/home/sriramk/UFactory-850/install/xarm_api:/home/sriramk/UFactory-850/install/xarm_sdk:/home/sriramk/UFactory-850/install/xarm_msgs:/home/sriramk/UFactory-850/install/xarm_description:/home/sriramk/UFactory-850/install/realsense_gazebo_plugin:/home/sriramk/UFactory-850/install/mbot_demo:/home/sriramk/UFactory-850/install/uf_ros_lib:/opt/ros/humble LD_LIBRARY_PATH=/home/sriramk/unitree_ws/install/ros2_unitree_legged_msgs/lib:/home/sriramk/unitree_ws/install/unitree_legged_real/lib:/home/sriramk/unitree_ws/install/go1_tools_low/lib:/home/sriramk/unitree_ws/install/go1_tools_high/lib:/home/sriramk/Quadruped-PyMPC/ros2/msgs_ws/install/dls2_interface/lib:/home/sriramk/UFactory-850/install/xarm_planner/lib:/home/sriramk/UFactory-850/install/xarm_moveit_servo/lib:/home/sriramk/UFactory-850/install/xarm_gazebo/lib:/home/sriramk/UFactory-850/install/xarm_controller/lib:/home/sriramk/UFactory-850/install/xarm_api/lib:/home/sriramk/UFactory-850/install/xarm_sdk/lib:/home/sriramk/UFactory-850/install/xarm_msgs/lib:/home/sriramk/UFactory-850/install/realsense_gazebo_plugin/lib:/usr/lib/x86_64-linux-gnu/gazebo-11/plugins:/opt/ros/humble/opt/rviz_ogre_vendor/lib:/opt/ros/humble/lib/x86_64-linux-gnu:/opt/ros/humble/lib:/home/sriramk/Quadruped-PyMPC/quadruped_pympc/acados/lib /opt/cmake-3.28.3-linux-x86_64/bin/cmake /home/sriramk/unitree_ws/src/go1_tools_low -DAMENT_CMAKE_SYMLINK_INSTALL=1 -DCMAKE_INSTALL_PREFIX=/home/sriramk/unitree_ws/install/go1_tools_low
[0.038s] -- The C compiler identification is GNU 11.4.0
[0.074s] -- The CXX compiler identification is GNU 11.4.0
[0.086s] -- Detecting C compiler ABI info
[0.125s] -- Detecting C compiler ABI info - done
[0.132s] -- Check for working C compiler: /usr/bin/cc - skipped
[0.132s] -- Detecting C compile features
[0.132s] -- Detecting C compile features - done
[0.140s] -- Detecting CXX compiler ABI info
[0.191s] -- Detecting CXX compiler ABI info - done
[0.198s] -- Check for working CXX compiler: /usr/bin/c++ - skipped
[0.198s] -- Detecting CXX compile features
[0.198s] -- Detecting CXX compile features - done
[0.200s] -- Found ament_cmake: 1.3.12 (/opt/ros/humble/share/ament_cmake/cmake)
[0.316s] -- Found Python3: /usr/bin/python3 (found version "3.10.12") found components: Interpreter 
[0.358s] -- Override CMake install command with custom implementation using symlinks instead of copying resources
[0.382s] -- Found rclcpp: 16.0.14 (/opt/ros/humble/share/rclcpp/cmake)
[0.411s] -- Found rosidl_generator_c: 3.1.7 (/opt/ros/humble/share/rosidl_generator_c/cmake)
[0.415s] -- Found rosidl_adapter: 3.1.7 (/opt/ros/humble/share/rosidl_adapter/cmake)
[0.421s] -- Found rosidl_generator_cpp: 3.1.7 (/opt/ros/humble/share/rosidl_generator_cpp/cmake)
[0.430s] -- Using all available rosidl_typesupport_c: rosidl_typesupport_fastrtps_c;rosidl_typesupport_introspection_c
[0.443s] -- Using all available rosidl_typesupport_cpp: rosidl_typesupport_fastrtps_cpp;rosidl_typesupport_introspection_cpp
[0.476s] -- Found rmw_implementation_cmake: 6.1.2 (/opt/ros/humble/share/rmw_implementation_cmake/cmake)
[0.479s] -- Found rmw_cyclonedds_cpp: 1.3.4 (/opt/ros/humble/share/rmw_cyclonedds_cpp/cmake)
[0.495s] -- Using RMW implementation 'rmw_cyclonedds_cpp' as default
[0.502s] -- Performing Test CMAKE_HAVE_LIBC_PTHREAD
[0.550s] -- Performing Test CMAKE_HAVE_LIBC_PTHREAD - Success
[0.551s] -- Found Threads: TRUE  
[0.589s] -- Found ros2_unitree_legged_msgs: 0.4.0 (/home/sriramk/unitree_ws/install/ros2_unitree_legged_msgs/share/ros2_unitree_legged_msgs/cmake)
[0.596s] -- Found geometry_msgs: 4.9.0 (/opt/ros/humble/share/geometry_msgs/cmake)
[0.607s] -- Found sensor_msgs: 4.9.0 (/opt/ros/humble/share/sensor_msgs/cmake)
[0.662s] -- Configuring done (0.7s)
[0.669s] -- Generating done (0.0s)
[0.672s] -- Build files have been written to: /home/sriramk/unitree_ws/build/go1_tools_low
[0.676s] Invoked command in '/home/sriramk/unitree_ws/build/go1_tools_low' returned '0': CMAKE_PREFIX_PATH=/home/sriramk/unitree_ws/install/ros2_unitree_legged_msgs:/home/sriramk/unitree_ws/install/unitree_legged_real:/home/sriramk/unitree_ws/install/go1_tools_low:/home/sriramk/unitree_ws/install/go1_tools_high:/home/sriramk/unitree_ws/install/go1_description:/home/sriramk/Quadruped-PyMPC/ros2/msgs_ws/install/dls2_interface:/home/sriramk/UFactory-850/install/xarm_planner:/home/sriramk/UFactory-850/install/xarm_moveit_servo:/home/sriramk/UFactory-850/install/xarm_moveit_config:/home/sriramk/UFactory-850/install/xarm_gazebo:/home/sriramk/UFactory-850/install/xarm_controller:/home/sriramk/UFactory-850/install/d435i_xarm_setup:/home/sriramk/UFactory-850/install/xarm_api:/home/sriramk/UFactory-850/install/xarm_sdk:/home/sriramk/UFactory-850/install/xarm_msgs:/home/sriramk/UFactory-850/install/xarm_description:/home/sriramk/UFactory-850/install/realsense_gazebo_plugin:/home/sriramk/UFactory-850/install/mbot_demo:/home/sriramk/UFactory-850/install/uf_ros_lib:/opt/ros/humble LD_LIBRARY_PATH=/home/sriramk/unitree_ws/install/ros2_unitree_legged_msgs/lib:/home/sriramk/unitree_ws/install/unitree_legged_real/lib:/home/sriramk/unitree_ws/install/go1_tools_low/lib:/home/sriramk/unitree_ws/install/go1_tools_high/lib:/home/sriramk/Quadruped-PyMPC/ros2/msgs_ws/install/dls2_interface/lib:/home/sriramk/UFactory-850/install/xarm_planner/lib:/home/sriramk/UFactory-850/install/xarm_moveit_servo/lib:/home/sriramk/UFactory-850/install/xarm_gazebo/lib:/home/sriramk/UFactory-850/install/xarm_controller/lib:/home/sriramk/UFactory-850/install/xarm_api/lib:/home/sriramk/UFactory-850/install/xarm_sdk/lib:/home/sriramk/UFactory-850/install/xarm_msgs/lib:/home/sriramk/UFactory-850/install/realsense_gazebo_plugin/lib:/usr/lib/x86_64-linux-gnu/gazebo-11/plugins:/opt/ros/humble/opt/rviz_ogre_vendor/lib:/opt/ros/humble/lib/x86_64-linux-gnu:/opt/ros/humble/lib:/home/sriramk/Quadruped-PyMPC/quadruped_pympc/acados/lib /opt/cmake-3.28.3-linux-x86_64/bin/cmake /home/sriramk/unitree_ws/src/go1_tools_low -DAMENT_CMAKE_SYMLINK_INSTALL=1 -DCMAKE_INSTALL_PREFIX=/home/sriramk/unitree_ws/install/go1_tools_low
[0.677s] Invoking command in '/home/sriramk/unitree_ws/build/go1_tools_low': CMAKE_PREFIX_PATH=/home/sriramk/unitree_ws/install/ros2_unitree_legged_msgs:/home/sriramk/unitree_ws/install/unitree_legged_real:/home/sriramk/unitree_ws/install/go1_tools_low:/home/sriramk/unitree_ws/install/go1_tools_high:/home/sriramk/unitree_ws/install/go1_description:/home/sriramk/Quadruped-PyMPC/ros2/msgs_ws/install/dls2_interface:/home/sriramk/UFactory-850/install/xarm_planner:/home/sriramk/UFactory-850/install/xarm_moveit_servo:/home/sriramk/UFactory-850/install/xarm_moveit_config:/home/sriramk/UFactory-850/install/xarm_gazebo:/home/sriramk/UFactory-850/install/xarm_controller:/home/sriramk/UFactory-850/install/d435i_xarm_setup:/home/sriramk/UFactory-850/install/xarm_api:/home/sriramk/UFactory-850/install/xarm_sdk:/home/sriramk/UFactory-850/install/xarm_msgs:/home/sriramk/UFactory-850/install/xarm_description:/home/sriramk/UFactory-850/install/realsense_gazebo_plugin:/home/sriramk/UFactory-850/install/mbot_demo:/home/sriramk/UFactory-850/install/uf_ros_lib:/opt/ros/humble LD_LIBRARY_PATH=/home/sriramk/unitree_ws/install/ros2_unitree_legged_msgs/lib:/home/sriramk/unitree_ws/install/unitree_legged_real/lib:/home/sriramk/unitree_ws/install/go1_tools_low/lib:/home/sriramk/unitree_ws/install/go1_tools_high/lib:/home/sriramk/Quadruped-PyMPC/ros2/msgs_ws/install/dls2_interface/lib:/home/sriramk/UFactory-850/install/xarm_planner/lib:/home/sriramk/UFactory-850/install/xarm_moveit_servo/lib:/home/sriramk/UFactory-850/install/xarm_gazebo/lib:/home/sriramk/UFactory-850/install/xarm_controller/lib:/home/sriramk/UFactory-850/install/xarm_api/lib:/home/sriramk/UFactory-850/install/xarm_sdk/lib:/home/sriramk/UFactory-850/install/xarm_msgs/lib:/home/sriramk/UFactory-850/install/realsense_gazebo_plugin/lib:/usr/lib/x86_64-linux-gnu/gazebo-11/plugins:/opt/ros/humble/opt/rviz_ogre_vendor/lib:/opt/ros/humble/lib/x86_64-linux-gnu:/opt/ros/humble/lib:/home/sriramk/Quadruped-PyMPC/quadruped_pympc/acados/lib /opt/cmake-3.28.3-linux-x86_64/bin/cmake --build /home/sriramk/unitree_ws/build/go1_tools_low -- -j24 -l24
[0.691s] [ 25%] [32mBuilding CXX object CMakeFiles/ros2_torque_example.dir/src/ros2_torque_example.cpp.o[0m
[0.691s] [ 50%] [32mBuilding CXX object CMakeFiles/ros2_standup_controller.dir/src/ros2_standup_controller.cpp.o[0m
[5.759s] [ 75%] [32m[1mLinking CXX executable ros2_standup_controller[0m
[5.996s] [ 75%] Built target ros2_standup_controller
[6.582s] [100%] [32m[1mLinking CXX executable ros2_torque_example[0m
[6.793s] [100%] Built target ros2_torque_example
[6.796s] Invoked command in '/home/sriramk/unitree_ws/build/go1_tools_low' returned '0': CMAKE_PREFIX_PATH=/home/sriramk/unitree_ws/install/ros2_unitree_legged_msgs:/home/sriramk/unitree_ws/install/unitree_legged_real:/home/sriramk/unitree_ws/install/go1_tools_low:/home/sriramk/unitree_ws/install/go1_tools_high:/home/sriramk/unitree_ws/install/go1_description:/home/sriramk/Quadruped-PyMPC/ros2/msgs_ws/install/dls2_interface:/home/sriramk/UFactory-850/install/xarm_planner:/home/sriramk/UFactory-850/install/xarm_moveit_servo:/home/sriramk/UFactory-850/install/xarm_moveit_config:/home/sriramk/UFactory-850/install/xarm_gazebo:/home/sriramk/UFactory-850/install/xarm_controller:/home/sriramk/UFactory-850/install/d435i_xarm_setup:/home/sriramk/UFactory-850/install/xarm_api:/home/sriramk/UFactory-850/install/xarm_sdk:/home/sriramk/UFactory-850/install/xarm_msgs:/home/sriramk/UFactory-850/install/xarm_description:/home/sriramk/UFactory-850/install/realsense_gazebo_plugin:/home/sriramk/UFactory-850/install/mbot_demo:/home/sriramk/UFactory-850/install/uf_ros_lib:/opt/ros/humble LD_LIBRARY_PATH=/home/sriramk/unitree_ws/install/ros2_unitree_legged_msgs/lib:/home/sriramk/unitree_ws/install/unitree_legged_real/lib:/home/sriramk/unitree_ws/install/go1_tools_low/lib:/home/sriramk/unitree_ws/install/go1_tools_high/lib:/home/sriramk/Quadruped-PyMPC/ros2/msgs_ws/install/dls2_interface/lib:/home/sriramk/UFactory-850/install/xarm_planner/lib:/home/sriramk/UFactory-850/install/xarm_moveit_servo/lib:/home/sriramk/UFactory-850/install/xarm_gazebo/lib:/home/sriramk/UFactory-850/install/xarm_controller/lib:/home/sriramk/UFactory-850/install/xarm_api/lib:/home/sriramk/UFactory-850/install/xarm_sdk/lib:/home/sriramk/UFactory-850/install/xarm_msgs/lib:/home/sriramk/UFactory-850/install/realsense_gazebo_plugin/lib:/usr/lib/x86_64-linux-gnu/gazebo-11/plugins:/opt/ros/humble/opt/rviz_ogre_vendor/lib:/opt/ros/humble/lib/x86_64-linux-gnu:/opt/ros/humble/lib:/home/sriramk/Quadruped-PyMPC/quadruped_pympc/acados/lib /opt/cmake-3.28.3-linux-x86_64/bin/cmake --build /home/sriramk/unitree_ws/build/go1_tools_low -- -j24 -l24
[6.797s] Invoking command in '/home/sriramk/unitree_ws/build/go1_tools_low': CMAKE_PREFIX_PATH=/home/sriramk/unitree_ws/install/ros2_unitree_legged_msgs:/home/sriramk/unitree_ws/install/unitree_legged_real:/home/sriramk/unitree_ws/install/go1_tools_low:/home/sriramk/unitree_ws/install/go1_tools_high:/home/sriramk/unitree_ws/install/go1_description:/home/sriramk/Quadruped-PyMPC/ros2/msgs_ws/install/dls2_interface:/home/sriramk/UFactory-850/install/xarm_planner:/home/sriramk/UFactory-850/install/xarm_moveit_servo:/home/sriramk/UFactory-850/install/xarm_moveit_config:/home/sriramk/UFactory-850/install/xarm_gazebo:/home/sriramk/UFactory-850/install/xarm_controller:/home/sriramk/UFactory-850/install/d435i_xarm_setup:/home/sriramk/UFactory-850/install/xarm_api:/home/sriramk/UFactory-850/install/xarm_sdk:/home/sriramk/UFactory-850/install/xarm_msgs:/home/sriramk/UFactory-850/install/xarm_description:/home/sriramk/UFactory-850/install/realsense_gazebo_plugin:/home/sriramk/UFactory-850/install/mbot_demo:/home/sriramk/UFactory-850/install/uf_ros_lib:/opt/ros/humble LD_LIBRARY_PATH=/home/sriramk/unitree_ws/install/ros2_unitree_legged_msgs/lib:/home/sriramk/unitree_ws/install/unitree_legged_real/lib:/home/sriramk/unitree_ws/install/go1_tools_low/lib:/home/sriramk/unitree_ws/install/go1_tools_high/lib:/home/sriramk/Quadruped-PyMPC/ros2/msgs_ws/install/dls2_interface/lib:/home/sriramk/UFactory-850/install/xarm_planner/lib:/home/sriramk/UFactory-850/install/xarm_moveit_servo/lib:/home/sriramk/UFactory-850/install/xarm_gazebo/lib:/home/sriramk/UFactory-850/install/xarm_controller/lib:/home/sriramk/UFactory-850/install/xarm_api/lib:/home/sriramk/UFactory-850/install/xarm_sdk/lib:/home/sriramk/UFactory-850/install/xarm_msgs/lib:/home/sriramk/UFactory-850/install/realsense_gazebo_plugin/lib:/usr/lib/x86_64-linux-gnu/gazebo-11/plugins:/opt/ros/humble/opt/rviz_ogre_vendor/lib:/opt/ros/humble/lib/x86_64-linux-gnu:/opt/ros/humble/lib:/home/sriramk/Quadruped-PyMPC/quadruped_pympc/acados/lib /opt/cmake-3.28.3-linux-x86_64/bin/cmake --install /home/sriramk/unitree_ws/build/go1_tools_low
[6.799s] -- Install configuration: ""
[6.799s] -- Execute custom install script
[6.800s] -- Symlinking: /home/sriramk/unitree_ws/install/go1_tools_low/lib/libunitree_legged_sdk_amd64.so
[6.802s] -- Symlinking: /home/sriramk/unitree_ws/install/go1_tools_low/lib/libunitree_legged_sdk_arm64.so
[6.804s] -- Symlinking: /home/sriramk/unitree_ws/install/go1_tools_low/lib/go1_tools_low/ros2_torque_example
[6.806s] -- Symlinking: /home/sriramk/unitree_ws/install/go1_tools_low/lib/go1_tools_low/ros2_standup_controller
[6.807s] -- Symlinking: /home/sriramk/unitree_ws/install/go1_tools_low/lib/go1_tools_low/go1_low_state_converter.py
[6.809s] -- Symlinking: /home/sriramk/unitree_ws/install/go1_tools_low/lib/go1_tools_low/srb_velocity_estimator.py
[6.811s] -- Symlinking: /home/sriramk/unitree_ws/install/go1_tools_low/lib/go1_tools_low/pympc_pd_bridge.py
[6.813s] -- Symlinking: /home/sriramk/unitree_ws/install/go1_tools_low/share/go1_tools_low/launch/go1_pympc_bringup.launch.py
[6.815s] -- Symlinking: /home/sriramk/unitree_ws/install/go1_tools_low/share/go1_tools_low/config/ekf_imu_twist_srb.yaml
[6.817s] -- Symlinking: /home/sriramk/unitree_ws/install/go1_tools_low/share/go1_tools_low/config/ekf_legodom.yaml
[6.818s] -- Symlinking: /home/sriramk/unitree_ws/install/go1_tools_low/share/go1_tools_low/config/ekf_low_imu.yaml
[6.820s] -- Symlinking: /home/sriramk/unitree_ws/install/go1_tools_low/share/go1_tools_low/config/go1_debug_low.xml
[6.822s] -- Symlinking: /home/sriramk/unitree_ws/install/go1_tools_low/share/ament_index/resource_index/package_run_dependencies/go1_tools_low
[6.824s] -- Symlinking: /home/sriramk/unitree_ws/install/go1_tools_low/share/ament_index/resource_index/parent_prefix_path/go1_tools_low
[6.825s] -- Symlinking: /home/sriramk/unitree_ws/install/go1_tools_low/share/go1_tools_low/environment/ament_prefix_path.sh
[6.827s] -- Symlinking: /home/sriramk/unitree_ws/install/go1_tools_low/share/go1_tools_low/environment/ament_prefix_path.dsv
[6.829s] -- Symlinking: /home/sriramk/unitree_ws/install/go1_tools_low/share/go1_tools_low/environment/path.sh
[6.830s] -- Symlinking: /home/sriramk/unitree_ws/install/go1_tools_low/share/go1_tools_low/environment/path.dsv
[6.832s] -- Symlinking: /home/sriramk/unitree_ws/install/go1_tools_low/share/go1_tools_low/local_setup.bash
[6.833s] -- Symlinking: /home/sriramk/unitree_ws/install/go1_tools_low/share/go1_tools_low/local_setup.sh
[6.835s] -- Symlinking: /home/sriramk/unitree_ws/install/go1_tools_low/share/go1_tools_low/local_setup.zsh
[6.836s] -- Symlinking: /home/sriramk/unitree_ws/install/go1_tools_low/share/go1_tools_low/local_setup.dsv
[6.838s] -- Symlinking: /home/sriramk/unitree_ws/install/go1_tools_low/share/go1_tools_low/package.dsv
[6.840s] -- Symlinking: /home/sriramk/unitree_ws/install/go1_tools_low/share/ament_index/resource_index/packages/go1_tools_low
[6.842s] -- Symlinking: /home/sriramk/unitree_ws/install/go1_tools_low/share/go1_tools_low/cmake/go1_tools_lowConfig.cmake
[6.843s] -- Symlinking: /home/sriramk/unitree_ws/install/go1_tools_low/share/go1_tools_low/cmake/go1_tools_lowConfig-version.cmake
[6.845s] -- Symlinking: /home/sriramk/unitree_ws/install/go1_tools_low/share/go1_tools_low/package.xml
[6.848s] Invoked command in '/home/sriramk/unitree_ws/build/go1_tools_low' returned '0': CMAKE_PREFIX_PATH=/home/sriramk/unitree_ws/install/ros2_unitree_legged_msgs:/home/sriramk/unitree_ws/install/unitree_legged_real:/home/sriramk/unitree_ws/install/go1_tools_low:/home/sriramk/unitree_ws/install/go1_tools_high:/home/sriramk/unitree_ws/install/go1_description:/home/sriramk/Quadruped-PyMPC/ros2/msgs_ws/install/dls2_interface:/home/sriramk/UFactory-850/install/xarm_planner:/home/sriramk/UFactory-850/install/xarm_moveit_servo:/home/sriramk/UFactory-850/install/xarm_moveit_config:/home/sriramk/UFactory-850/install/xarm_gazebo:/home/sriramk/UFactory-850/install/xarm_controller:/home/sriramk/UFactory-850/install/d435i_xarm_setup:/home/sriramk/UFactory-850/install/xarm_api:/home/sriramk/UFactory-850/install/xarm_sdk:/home/sriramk/UFactory-850/install/xarm_msgs:/home/sriramk/UFactory-850/install/xarm_description:/home/sriramk/UFactory-850/install/realsense_gazebo_plugin:/home/sriramk/UFactory-850/install/mbot_demo:/home/sriramk/UFactory-850/install/uf_ros_lib:/opt/ros/humble LD_LIBRARY_PATH=/home/sriramk/unitree_ws/install/ros2_unitree_legged_msgs/lib:/home/sriramk/unitree_ws/install/unitree_legged_real/lib:/home/sriramk/unitree_ws/install/go1_tools_low/lib:/home/sriramk/unitree_ws/install/go1_tools_high/lib:/home/sriramk/Quadruped-PyMPC/ros2/msgs_ws/install/dls2_interface/lib:/home/sriramk/UFactory-850/install/xarm_planner/lib:/home/sriramk/UFactory-850/install/xarm_moveit_servo/lib:/home/sriramk/UFactory-850/install/xarm_gazebo/lib:/home/sriramk/UFactory-850/install/xarm_controller/lib:/home/sriramk/UFactory-850/install/xarm_api/lib:/home/sriramk/UFactory-850/install/xarm_sdk/lib:/home/sriramk/UFactory-850/install/xarm_msgs/lib:/home/sriramk/UFactory-850/install/realsense_gazebo_plugin/lib:/usr/lib/x86_64-linux-gnu/gazebo-11/plugins:/opt/ros/humble/opt/rviz_ogre_vendor/lib:/opt/ros/humble/lib/x86_64-linux-gnu:/opt/ros/humble/lib:/home/sriramk/Quadruped-PyMPC/quadruped_pympc/acados/lib /opt/cmake-3.28.3-linux-x86_64/bin/cmake --install /home/sriramk/unitree_ws/build/go1_tools_low
