[0.058s] DEBUG:colcon:Command line arguments: ['/usr/bin/colcon', 'build', '--symlink-install', '--packages-select', 'go1_tools_low']
[0.058s] DEBUG:colcon:Parsed command line arguments: Namespace(log_base=None, log_level=None, verb_name='build', build_base='build', install_base='install', merge_install=False, symlink_install=True, test_result_base=None, continue_on_error=False, executor='parallel', parallel_workers=24, event_handlers=None, ignore_user_meta=False, metas=['./colcon.meta'], base_paths=['.'], packages_ignore=None, packages_ignore_regex=None, paths=None, packages_up_to=None, packages_up_to_regex=None, packages_above=None, packages_above_and_dependencies=None, packages_above_depth=None, packages_select_by_dep=None, packages_skip_by_dep=None, packages_skip_up_to=None, packages_select_build_failed=False, packages_skip_build_finished=False, packages_select_test_failures=False, packages_skip_test_passed=False, packages_select=['go1_tools_low'], packages_skip=None, packages_select_regex=None, packages_skip_regex=None, packages_start=None, packages_end=None, allow_overriding=[], cmake_args=None, cmake_target=None, cmake_target_skip_unavailable=False, cmake_clean_cache=False, cmake_clean_first=False, cmake_force_configure=False, ament_cmake_args=None, catkin_cmake_args=None, catkin_skip_building_tests=False, mixin_files=None, mixin=None, verb_parser=<colcon_mixin.mixin.mixin_argument.MixinArgumentDecorator object at 0x7442fed17ac0>, verb_extension=<colcon_core.verb.build.BuildVerb object at 0x7442feea9120>, main=<bound method BuildVerb.main of <colcon_core.verb.build.BuildVerb object at 0x7442feea9120>>, mixin_verb=('build',))
[0.137s] Level 1:colcon.colcon_core.package_discovery:discover_packages(colcon_meta) check parameters
[0.137s] Level 1:colcon.colcon_core.package_discovery:discover_packages(recursive) check parameters
[0.137s] Level 1:colcon.colcon_core.package_discovery:discover_packages(ignore) check parameters
[0.137s] Level 1:colcon.colcon_core.package_discovery:discover_packages(path) check parameters
[0.137s] Level 1:colcon.colcon_core.package_discovery:discover_packages(colcon_meta) discover
[0.137s] Level 1:colcon.colcon_core.package_discovery:discover_packages(recursive) discover
[0.137s] INFO:colcon.colcon_core.package_discovery:Crawling recursively for packages in '/home/sriramk/unitree_ws'
[0.137s] Level 1:colcon.colcon_core.package_identification:_identify(.) by extensions ['ignore', 'ignore_ament_install']
[0.137s] Level 1:colcon.colcon_core.package_identification:_identify(.) by extension 'ignore'
[0.137s] Level 1:colcon.colcon_core.package_identification:_identify(.) by extension 'ignore_ament_install'
[0.137s] Level 1:colcon.colcon_core.package_identification:_identify(.) by extensions ['colcon_pkg']
[0.137s] Level 1:colcon.colcon_core.package_identification:_identify(.) by extension 'colcon_pkg'
[0.137s] Level 1:colcon.colcon_core.package_identification:_identify(.) by extensions ['colcon_meta']
[0.137s] Level 1:colcon.colcon_core.package_identification:_identify(.) by extension 'colcon_meta'
[0.137s] Level 1:colcon.colcon_core.package_identification:_identify(.) by extensions ['ros']
[0.138s] Level 1:colcon.colcon_core.package_identification:_identify(.) by extension 'ros'
[0.143s] Level 1:colcon.colcon_core.package_identification:_identify(.) by extensions ['cmake', 'python']
[0.143s] Level 1:colcon.colcon_core.package_identification:_identify(.) by extension 'cmake'
[0.143s] Level 1:colcon.colcon_core.package_identification:_identify(.) by extension 'python'
[0.143s] Level 1:colcon.colcon_core.package_identification:_identify(.) by extensions ['python_setup_py']
[0.143s] Level 1:colcon.colcon_core.package_identification:_identify(.) by extension 'python_setup_py'
[0.143s] Level 1:colcon.colcon_core.package_identification:_identify(build) by extensions ['ignore', 'ignore_ament_install']
[0.143s] Level 1:colcon.colcon_core.package_identification:_identify(build) by extension 'ignore'
[0.143s] Level 1:colcon.colcon_core.package_identification:_identify(build) ignored
[0.143s] Level 1:colcon.colcon_core.package_identification:_identify(install) by extensions ['ignore', 'ignore_ament_install']
[0.143s] Level 1:colcon.colcon_core.package_identification:_identify(install) by extension 'ignore'
[0.143s] Level 1:colcon.colcon_core.package_identification:_identify(install) ignored
[0.144s] Level 1:colcon.colcon_core.package_identification:_identify(log) by extensions ['ignore', 'ignore_ament_install']
[0.144s] Level 1:colcon.colcon_core.package_identification:_identify(log) by extension 'ignore'
[0.144s] Level 1:colcon.colcon_core.package_identification:_identify(log) ignored
[0.144s] Level 1:colcon.colcon_core.package_identification:_identify(src) by extensions ['ignore', 'ignore_ament_install']
[0.144s] Level 1:colcon.colcon_core.package_identification:_identify(src) by extension 'ignore'
[0.144s] Level 1:colcon.colcon_core.package_identification:_identify(src) by extension 'ignore_ament_install'
[0.144s] Level 1:colcon.colcon_core.package_identification:_identify(src) by extensions ['colcon_pkg']
[0.144s] Level 1:colcon.colcon_core.package_identification:_identify(src) by extension 'colcon_pkg'
[0.144s] Level 1:colcon.colcon_core.package_identification:_identify(src) by extensions ['colcon_meta']
[0.144s] Level 1:colcon.colcon_core.package_identification:_identify(src) by extension 'colcon_meta'
[0.144s] Level 1:colcon.colcon_core.package_identification:_identify(src) by extensions ['ros']
[0.144s] Level 1:colcon.colcon_core.package_identification:_identify(src) by extension 'ros'
[0.144s] Level 1:colcon.colcon_core.package_identification:_identify(src) by extensions ['cmake', 'python']
[0.144s] Level 1:colcon.colcon_core.package_identification:_identify(src) by extension 'cmake'
[0.144s] Level 1:colcon.colcon_core.package_identification:_identify(src) by extension 'python'
[0.144s] Level 1:colcon.colcon_core.package_identification:_identify(src) by extensions ['python_setup_py']
[0.144s] Level 1:colcon.colcon_core.package_identification:_identify(src) by extension 'python_setup_py'
[0.144s] Level 1:colcon.colcon_core.package_identification:_identify(src/go1_tools_high) by extensions ['ignore', 'ignore_ament_install']
[0.144s] Level 1:colcon.colcon_core.package_identification:_identify(src/go1_tools_high) by extension 'ignore'
[0.144s] Level 1:colcon.colcon_core.package_identification:_identify(src/go1_tools_high) by extension 'ignore_ament_install'
[0.144s] Level 1:colcon.colcon_core.package_identification:_identify(src/go1_tools_high) by extensions ['colcon_pkg']
[0.144s] Level 1:colcon.colcon_core.package_identification:_identify(src/go1_tools_high) by extension 'colcon_pkg'
[0.144s] Level 1:colcon.colcon_core.package_identification:_identify(src/go1_tools_high) by extensions ['colcon_meta']
[0.144s] Level 1:colcon.colcon_core.package_identification:_identify(src/go1_tools_high) by extension 'colcon_meta'
[0.144s] Level 1:colcon.colcon_core.package_identification:_identify(src/go1_tools_high) by extensions ['ros']
[0.144s] Level 1:colcon.colcon_core.package_identification:_identify(src/go1_tools_high) by extension 'ros'
[0.145s] DEBUG:colcon.colcon_core.package_identification:Package 'src/go1_tools_high' with type 'ros.ament_cmake' and name 'go1_tools_high'
[0.145s] Level 1:colcon.colcon_core.package_identification:_identify(src/go1_tools_low) by extensions ['ignore', 'ignore_ament_install']
[0.146s] Level 1:colcon.colcon_core.package_identification:_identify(src/go1_tools_low) by extension 'ignore'
[0.146s] Level 1:colcon.colcon_core.package_identification:_identify(src/go1_tools_low) by extension 'ignore_ament_install'
[0.146s] Level 1:colcon.colcon_core.package_identification:_identify(src/go1_tools_low) by extensions ['colcon_pkg']
[0.146s] Level 1:colcon.colcon_core.package_identification:_identify(src/go1_tools_low) by extension 'colcon_pkg'
[0.146s] Level 1:colcon.colcon_core.package_identification:_identify(src/go1_tools_low) by extensions ['colcon_meta']
[0.146s] Level 1:colcon.colcon_core.package_identification:_identify(src/go1_tools_low) by extension 'colcon_meta'
[0.146s] Level 1:colcon.colcon_core.package_identification:_identify(src/go1_tools_low) by extensions ['ros']
[0.146s] Level 1:colcon.colcon_core.package_identification:_identify(src/go1_tools_low) by extension 'ros'
[0.146s] DEBUG:colcon.colcon_core.package_identification:Package 'src/go1_tools_low' with type 'ros.ament_cmake' and name 'go1_tools_low'
[0.146s] Level 1:colcon.colcon_core.package_identification:_identify(src/unitree_ros2) by extensions ['ignore', 'ignore_ament_install']
[0.146s] Level 1:colcon.colcon_core.package_identification:_identify(src/unitree_ros2) by extension 'ignore'
[0.146s] Level 1:colcon.colcon_core.package_identification:_identify(src/unitree_ros2) by extension 'ignore_ament_install'
[0.146s] Level 1:colcon.colcon_core.package_identification:_identify(src/unitree_ros2) by extensions ['colcon_pkg']
[0.146s] Level 1:colcon.colcon_core.package_identification:_identify(src/unitree_ros2) by extension 'colcon_pkg'
[0.146s] Level 1:colcon.colcon_core.package_identification:_identify(src/unitree_ros2) by extensions ['colcon_meta']
[0.146s] Level 1:colcon.colcon_core.package_identification:_identify(src/unitree_ros2) by extension 'colcon_meta'
[0.146s] Level 1:colcon.colcon_core.package_identification:_identify(src/unitree_ros2) by extensions ['ros']
[0.146s] Level 1:colcon.colcon_core.package_identification:_identify(src/unitree_ros2) by extension 'ros'
[0.146s] Level 1:colcon.colcon_core.package_identification:_identify(src/unitree_ros2) by extensions ['cmake', 'python']
[0.146s] Level 1:colcon.colcon_core.package_identification:_identify(src/unitree_ros2) by extension 'cmake'
[0.146s] Level 1:colcon.colcon_core.package_identification:_identify(src/unitree_ros2) by extension 'python'
[0.146s] Level 1:colcon.colcon_core.package_identification:_identify(src/unitree_ros2) by extensions ['python_setup_py']
[0.146s] Level 1:colcon.colcon_core.package_identification:_identify(src/unitree_ros2) by extension 'python_setup_py'
[0.146s] Level 1:colcon.colcon_core.package_identification:_identify(src/unitree_ros2/go1_description) by extensions ['ignore', 'ignore_ament_install']
[0.146s] Level 1:colcon.colcon_core.package_identification:_identify(src/unitree_ros2/go1_description) by extension 'ignore'
[0.146s] Level 1:colcon.colcon_core.package_identification:_identify(src/unitree_ros2/go1_description) by extension 'ignore_ament_install'
[0.147s] Level 1:colcon.colcon_core.package_identification:_identify(src/unitree_ros2/go1_description) by extensions ['colcon_pkg']
[0.147s] Level 1:colcon.colcon_core.package_identification:_identify(src/unitree_ros2/go1_description) by extension 'colcon_pkg'
[0.147s] Level 1:colcon.colcon_core.package_identification:_identify(src/unitree_ros2/go1_description) by extensions ['colcon_meta']
[0.147s] Level 1:colcon.colcon_core.package_identification:_identify(src/unitree_ros2/go1_description) by extension 'colcon_meta'
[0.147s] Level 1:colcon.colcon_core.package_identification:_identify(src/unitree_ros2/go1_description) by extensions ['ros']
[0.147s] Level 1:colcon.colcon_core.package_identification:_identify(src/unitree_ros2/go1_description) by extension 'ros'
[0.147s] DEBUG:colcon.colcon_core.package_identification:Package 'src/unitree_ros2/go1_description' with type 'ros.ament_cmake' and name 'go1_description'
[0.147s] Level 1:colcon.colcon_core.package_identification:_identify(src/unitree_ros2/ros2_unitree_legged_msgs) by extensions ['ignore', 'ignore_ament_install']
[0.147s] Level 1:colcon.colcon_core.package_identification:_identify(src/unitree_ros2/ros2_unitree_legged_msgs) by extension 'ignore'
[0.147s] Level 1:colcon.colcon_core.package_identification:_identify(src/unitree_ros2/ros2_unitree_legged_msgs) by extension 'ignore_ament_install'
[0.147s] Level 1:colcon.colcon_core.package_identification:_identify(src/unitree_ros2/ros2_unitree_legged_msgs) by extensions ['colcon_pkg']
[0.147s] Level 1:colcon.colcon_core.package_identification:_identify(src/unitree_ros2/ros2_unitree_legged_msgs) by extension 'colcon_pkg'
[0.147s] Level 1:colcon.colcon_core.package_identification:_identify(src/unitree_ros2/ros2_unitree_legged_msgs) by extensions ['colcon_meta']
[0.147s] Level 1:colcon.colcon_core.package_identification:_identify(src/unitree_ros2/ros2_unitree_legged_msgs) by extension 'colcon_meta'
[0.147s] Level 1:colcon.colcon_core.package_identification:_identify(src/unitree_ros2/ros2_unitree_legged_msgs) by extensions ['ros']
[0.147s] Level 1:colcon.colcon_core.package_identification:_identify(src/unitree_ros2/ros2_unitree_legged_msgs) by extension 'ros'
[0.148s] DEBUG:colcon.colcon_core.package_identification:Package 'src/unitree_ros2/ros2_unitree_legged_msgs' with type 'ros.ament_cmake' and name 'ros2_unitree_legged_msgs'
[0.148s] Level 1:colcon.colcon_core.package_identification:_identify(src/unitree_ros2/unitree_legged_real) by extensions ['ignore', 'ignore_ament_install']
[0.148s] Level 1:colcon.colcon_core.package_identification:_identify(src/unitree_ros2/unitree_legged_real) by extension 'ignore'
[0.148s] Level 1:colcon.colcon_core.package_identification:_identify(src/unitree_ros2/unitree_legged_real) by extension 'ignore_ament_install'
[0.148s] Level 1:colcon.colcon_core.package_identification:_identify(src/unitree_ros2/unitree_legged_real) by extensions ['colcon_pkg']
[0.148s] Level 1:colcon.colcon_core.package_identification:_identify(src/unitree_ros2/unitree_legged_real) by extension 'colcon_pkg'
[0.148s] Level 1:colcon.colcon_core.package_identification:_identify(src/unitree_ros2/unitree_legged_real) by extensions ['colcon_meta']
[0.148s] Level 1:colcon.colcon_core.package_identification:_identify(src/unitree_ros2/unitree_legged_real) by extension 'colcon_meta'
[0.148s] Level 1:colcon.colcon_core.package_identification:_identify(src/unitree_ros2/unitree_legged_real) by extensions ['ros']
[0.148s] Level 1:colcon.colcon_core.package_identification:_identify(src/unitree_ros2/unitree_legged_real) by extension 'ros'
[0.148s] DEBUG:colcon.colcon_core.package_identification:Package 'src/unitree_ros2/unitree_legged_real' with type 'ros.ament_cmake' and name 'unitree_legged_real'
[0.148s] Level 1:colcon.colcon_core.package_discovery:discover_packages(recursive) using defaults
[0.148s] Level 1:colcon.colcon_core.package_discovery:discover_packages(ignore) discover
[0.148s] Level 1:colcon.colcon_core.package_discovery:discover_packages(ignore) using defaults
[0.149s] Level 1:colcon.colcon_core.package_discovery:discover_packages(path) discover
[0.149s] Level 1:colcon.colcon_core.package_discovery:discover_packages(path) using defaults
[0.163s] INFO:colcon.colcon_core.package_selection:Skipping not selected package 'go1_description' in 'src/unitree_ros2/go1_description'
[0.163s] INFO:colcon.colcon_core.package_selection:Skipping not selected package 'ros2_unitree_legged_msgs' in 'src/unitree_ros2/ros2_unitree_legged_msgs'
[0.163s] INFO:colcon.colcon_core.package_selection:Skipping not selected package 'go1_tools_high' in 'src/go1_tools_high'
[0.163s] INFO:colcon.colcon_core.package_selection:Skipping not selected package 'unitree_legged_real' in 'src/unitree_ros2/unitree_legged_real'
[0.163s] Level 1:colcon.colcon_core.package_discovery:discover_packages(prefix_path) check parameters
[0.163s] Level 1:colcon.colcon_core.package_discovery:discover_packages(prefix_path) discover
[0.164s] DEBUG:colcon.colcon_installed_package_information.package_discovery:Found 5 installed packages in /home/sriramk/unitree_ws/install
[0.164s] DEBUG:colcon.colcon_installed_package_information.package_discovery:Found 13 installed packages in /home/sriramk/UFactory-850/install
[0.165s] DEBUG:colcon.colcon_installed_package_information.package_discovery:Found 1 installed packages in /home/sriramk/Quadruped-PyMPC/ros2/msgs_ws/install
[0.165s] DEBUG:colcon.colcon_installed_package_information.package_discovery:Found 368 installed packages in /opt/ros/humble
[0.166s] Level 1:colcon.colcon_core.package_discovery:discover_packages(prefix_path) using defaults
[0.187s] Level 5:colcon.colcon_core.verb:set package 'go1_tools_low' build argument 'cmake_args' from command line to 'None'
[0.187s] Level 5:colcon.colcon_core.verb:set package 'go1_tools_low' build argument 'cmake_target' from command line to 'None'
[0.187s] Level 5:colcon.colcon_core.verb:set package 'go1_tools_low' build argument 'cmake_target_skip_unavailable' from command line to 'False'
[0.187s] Level 5:colcon.colcon_core.verb:set package 'go1_tools_low' build argument 'cmake_clean_cache' from command line to 'False'
[0.187s] Level 5:colcon.colcon_core.verb:set package 'go1_tools_low' build argument 'cmake_clean_first' from command line to 'False'
[0.187s] Level 5:colcon.colcon_core.verb:set package 'go1_tools_low' build argument 'cmake_force_configure' from command line to 'False'
[0.187s] Level 5:colcon.colcon_core.verb:set package 'go1_tools_low' build argument 'ament_cmake_args' from command line to 'None'
[0.187s] Level 5:colcon.colcon_core.verb:set package 'go1_tools_low' build argument 'catkin_cmake_args' from command line to 'None'
[0.187s] Level 5:colcon.colcon_core.verb:set package 'go1_tools_low' build argument 'catkin_skip_building_tests' from command line to 'False'
[0.187s] DEBUG:colcon.colcon_core.verb:Building package 'go1_tools_low' with the following arguments: {'ament_cmake_args': None, 'build_base': '/home/sriramk/unitree_ws/build/go1_tools_low', 'catkin_cmake_args': None, 'catkin_skip_building_tests': False, 'cmake_args': None, 'cmake_clean_cache': False, 'cmake_clean_first': False, 'cmake_force_configure': False, 'cmake_target': None, 'cmake_target_skip_unavailable': False, 'install_base': '/home/sriramk/unitree_ws/install/go1_tools_low', 'merge_install': False, 'path': '/home/sriramk/unitree_ws/src/go1_tools_low', 'symlink_install': True, 'test_result_base': None}
[0.187s] INFO:colcon.colcon_core.executor:Executing jobs using 'parallel' executor
[0.188s] DEBUG:colcon.colcon_parallel_executor.executor.parallel:run_until_complete
[0.188s] INFO:colcon.colcon_ros.task.ament_cmake.build:Building ROS package in '/home/sriramk/unitree_ws/src/go1_tools_low' with build type 'ament_cmake'
[0.188s] INFO:colcon.colcon_cmake.task.cmake.build:Building CMake package in '/home/sriramk/unitree_ws/src/go1_tools_low'
[0.189s] INFO:colcon.colcon_core.plugin_system:Skipping extension 'colcon_core.shell.bat': Not used on non-Windows systems
[0.189s] INFO:colcon.colcon_core.shell:Skip shell extension 'powershell' for command environment: Not usable outside of PowerShell
[0.189s] DEBUG:colcon.colcon_core.shell:Skip shell extension 'dsv' for command environment
[0.198s] DEBUG:colcon.colcon_core.event_handler.log_command:Invoking command in '/home/sriramk/unitree_ws/build/go1_tools_low': CMAKE_PREFIX_PATH=/home/sriramk/unitree_ws/install/ros2_unitree_legged_msgs:/home/sriramk/unitree_ws/install/unitree_legged_real:/home/sriramk/unitree_ws/install/go1_tools_low:/home/sriramk/unitree_ws/install/go1_tools_high:/home/sriramk/unitree_ws/install/go1_description:/home/sriramk/Quadruped-PyMPC/ros2/msgs_ws/install/dls2_interface:/home/sriramk/UFactory-850/install/xarm_planner:/home/sriramk/UFactory-850/install/xarm_moveit_servo:/home/sriramk/UFactory-850/install/xarm_moveit_config:/home/sriramk/UFactory-850/install/xarm_gazebo:/home/sriramk/UFactory-850/install/xarm_controller:/home/sriramk/UFactory-850/install/d435i_xarm_setup:/home/sriramk/UFactory-850/install/xarm_api:/home/sriramk/UFactory-850/install/xarm_sdk:/home/sriramk/UFactory-850/install/xarm_msgs:/home/sriramk/UFactory-850/install/xarm_description:/home/sriramk/UFactory-850/install/realsense_gazebo_plugin:/home/sriramk/UFactory-850/install/mbot_demo:/home/sriramk/UFactory-850/install/uf_ros_lib:/opt/ros/humble LD_LIBRARY_PATH=/home/sriramk/unitree_ws/install/ros2_unitree_legged_msgs/lib:/home/sriramk/unitree_ws/install/unitree_legged_real/lib:/home/sriramk/unitree_ws/install/go1_tools_low/lib:/home/sriramk/unitree_ws/install/go1_tools_high/lib:/home/sriramk/Quadruped-PyMPC/ros2/msgs_ws/install/dls2_interface/lib:/home/sriramk/UFactory-850/install/xarm_planner/lib:/home/sriramk/UFactory-850/install/xarm_moveit_servo/lib:/home/sriramk/UFactory-850/install/xarm_gazebo/lib:/home/sriramk/UFactory-850/install/xarm_controller/lib:/home/sriramk/UFactory-850/install/xarm_api/lib:/home/sriramk/UFactory-850/install/xarm_sdk/lib:/home/sriramk/UFactory-850/install/xarm_msgs/lib:/home/sriramk/UFactory-850/install/realsense_gazebo_plugin/lib:/usr/lib/x86_64-linux-gnu/gazebo-11/plugins:/opt/ros/humble/opt/rviz_ogre_vendor/lib:/opt/ros/humble/lib/x86_64-linux-gnu:/opt/ros/humble/lib:/home/sriramk/Quadruped-PyMPC/quadruped_pympc/acados/lib /opt/cmake-3.28.3-linux-x86_64/bin/cmake --build /home/sriramk/unitree_ws/build/go1_tools_low -- -j24 -l24
[0.222s] DEBUG:colcon.colcon_core.event_handler.log_command:Invoked command in '/home/sriramk/unitree_ws/build/go1_tools_low' returned '0': CMAKE_PREFIX_PATH=/home/sriramk/unitree_ws/install/ros2_unitree_legged_msgs:/home/sriramk/unitree_ws/install/unitree_legged_real:/home/sriramk/unitree_ws/install/go1_tools_low:/home/sriramk/unitree_ws/install/go1_tools_high:/home/sriramk/unitree_ws/install/go1_description:/home/sriramk/Quadruped-PyMPC/ros2/msgs_ws/install/dls2_interface:/home/sriramk/UFactory-850/install/xarm_planner:/home/sriramk/UFactory-850/install/xarm_moveit_servo:/home/sriramk/UFactory-850/install/xarm_moveit_config:/home/sriramk/UFactory-850/install/xarm_gazebo:/home/sriramk/UFactory-850/install/xarm_controller:/home/sriramk/UFactory-850/install/d435i_xarm_setup:/home/sriramk/UFactory-850/install/xarm_api:/home/sriramk/UFactory-850/install/xarm_sdk:/home/sriramk/UFactory-850/install/xarm_msgs:/home/sriramk/UFactory-850/install/xarm_description:/home/sriramk/UFactory-850/install/realsense_gazebo_plugin:/home/sriramk/UFactory-850/install/mbot_demo:/home/sriramk/UFactory-850/install/uf_ros_lib:/opt/ros/humble LD_LIBRARY_PATH=/home/sriramk/unitree_ws/install/ros2_unitree_legged_msgs/lib:/home/sriramk/unitree_ws/install/unitree_legged_real/lib:/home/sriramk/unitree_ws/install/go1_tools_low/lib:/home/sriramk/unitree_ws/install/go1_tools_high/lib:/home/sriramk/Quadruped-PyMPC/ros2/msgs_ws/install/dls2_interface/lib:/home/sriramk/UFactory-850/install/xarm_planner/lib:/home/sriramk/UFactory-850/install/xarm_moveit_servo/lib:/home/sriramk/UFactory-850/install/xarm_gazebo/lib:/home/sriramk/UFactory-850/install/xarm_controller/lib:/home/sriramk/UFactory-850/install/xarm_api/lib:/home/sriramk/UFactory-850/install/xarm_sdk/lib:/home/sriramk/UFactory-850/install/xarm_msgs/lib:/home/sriramk/UFactory-850/install/realsense_gazebo_plugin/lib:/usr/lib/x86_64-linux-gnu/gazebo-11/plugins:/opt/ros/humble/opt/rviz_ogre_vendor/lib:/opt/ros/humble/lib/x86_64-linux-gnu:/opt/ros/humble/lib:/home/sriramk/Quadruped-PyMPC/quadruped_pympc/acados/lib /opt/cmake-3.28.3-linux-x86_64/bin/cmake --build /home/sriramk/unitree_ws/build/go1_tools_low -- -j24 -l24
[0.225s] DEBUG:colcon.colcon_core.event_handler.log_command:Invoking command in '/home/sriramk/unitree_ws/build/go1_tools_low': CMAKE_PREFIX_PATH=/home/sriramk/unitree_ws/install/ros2_unitree_legged_msgs:/home/sriramk/unitree_ws/install/unitree_legged_real:/home/sriramk/unitree_ws/install/go1_tools_low:/home/sriramk/unitree_ws/install/go1_tools_high:/home/sriramk/unitree_ws/install/go1_description:/home/sriramk/Quadruped-PyMPC/ros2/msgs_ws/install/dls2_interface:/home/sriramk/UFactory-850/install/xarm_planner:/home/sriramk/UFactory-850/install/xarm_moveit_servo:/home/sriramk/UFactory-850/install/xarm_moveit_config:/home/sriramk/UFactory-850/install/xarm_gazebo:/home/sriramk/UFactory-850/install/xarm_controller:/home/sriramk/UFactory-850/install/d435i_xarm_setup:/home/sriramk/UFactory-850/install/xarm_api:/home/sriramk/UFactory-850/install/xarm_sdk:/home/sriramk/UFactory-850/install/xarm_msgs:/home/sriramk/UFactory-850/install/xarm_description:/home/sriramk/UFactory-850/install/realsense_gazebo_plugin:/home/sriramk/UFactory-850/install/mbot_demo:/home/sriramk/UFactory-850/install/uf_ros_lib:/opt/ros/humble LD_LIBRARY_PATH=/home/sriramk/unitree_ws/install/ros2_unitree_legged_msgs/lib:/home/sriramk/unitree_ws/install/unitree_legged_real/lib:/home/sriramk/unitree_ws/install/go1_tools_low/lib:/home/sriramk/unitree_ws/install/go1_tools_high/lib:/home/sriramk/Quadruped-PyMPC/ros2/msgs_ws/install/dls2_interface/lib:/home/sriramk/UFactory-850/install/xarm_planner/lib:/home/sriramk/UFactory-850/install/xarm_moveit_servo/lib:/home/sriramk/UFactory-850/install/xarm_gazebo/lib:/home/sriramk/UFactory-850/install/xarm_controller/lib:/home/sriramk/UFactory-850/install/xarm_api/lib:/home/sriramk/UFactory-850/install/xarm_sdk/lib:/home/sriramk/UFactory-850/install/xarm_msgs/lib:/home/sriramk/UFactory-850/install/realsense_gazebo_plugin/lib:/usr/lib/x86_64-linux-gnu/gazebo-11/plugins:/opt/ros/humble/opt/rviz_ogre_vendor/lib:/opt/ros/humble/lib/x86_64-linux-gnu:/opt/ros/humble/lib:/home/sriramk/Quadruped-PyMPC/quadruped_pympc/acados/lib /opt/cmake-3.28.3-linux-x86_64/bin/cmake --install /home/sriramk/unitree_ws/build/go1_tools_low
[0.232s] Level 1:colcon.colcon_core.environment:create_environment_scripts_only(go1_tools_low)
[0.233s] DEBUG:colcon.colcon_core.event_handler.log_command:Invoked command in '/home/sriramk/unitree_ws/build/go1_tools_low' returned '0': CMAKE_PREFIX_PATH=/home/sriramk/unitree_ws/install/ros2_unitree_legged_msgs:/home/sriramk/unitree_ws/install/unitree_legged_real:/home/sriramk/unitree_ws/install/go1_tools_low:/home/sriramk/unitree_ws/install/go1_tools_high:/home/sriramk/unitree_ws/install/go1_description:/home/sriramk/Quadruped-PyMPC/ros2/msgs_ws/install/dls2_interface:/home/sriramk/UFactory-850/install/xarm_planner:/home/sriramk/UFactory-850/install/xarm_moveit_servo:/home/sriramk/UFactory-850/install/xarm_moveit_config:/home/sriramk/UFactory-850/install/xarm_gazebo:/home/sriramk/UFactory-850/install/xarm_controller:/home/sriramk/UFactory-850/install/d435i_xarm_setup:/home/sriramk/UFactory-850/install/xarm_api:/home/sriramk/UFactory-850/install/xarm_sdk:/home/sriramk/UFactory-850/install/xarm_msgs:/home/sriramk/UFactory-850/install/xarm_description:/home/sriramk/UFactory-850/install/realsense_gazebo_plugin:/home/sriramk/UFactory-850/install/mbot_demo:/home/sriramk/UFactory-850/install/uf_ros_lib:/opt/ros/humble LD_LIBRARY_PATH=/home/sriramk/unitree_ws/install/ros2_unitree_legged_msgs/lib:/home/sriramk/unitree_ws/install/unitree_legged_real/lib:/home/sriramk/unitree_ws/install/go1_tools_low/lib:/home/sriramk/unitree_ws/install/go1_tools_high/lib:/home/sriramk/Quadruped-PyMPC/ros2/msgs_ws/install/dls2_interface/lib:/home/sriramk/UFactory-850/install/xarm_planner/lib:/home/sriramk/UFactory-850/install/xarm_moveit_servo/lib:/home/sriramk/UFactory-850/install/xarm_gazebo/lib:/home/sriramk/UFactory-850/install/xarm_controller/lib:/home/sriramk/UFactory-850/install/xarm_api/lib:/home/sriramk/UFactory-850/install/xarm_sdk/lib:/home/sriramk/UFactory-850/install/xarm_msgs/lib:/home/sriramk/UFactory-850/install/realsense_gazebo_plugin/lib:/usr/lib/x86_64-linux-gnu/gazebo-11/plugins:/opt/ros/humble/opt/rviz_ogre_vendor/lib:/opt/ros/humble/lib/x86_64-linux-gnu:/opt/ros/humble/lib:/home/sriramk/Quadruped-PyMPC/quadruped_pympc/acados/lib /opt/cmake-3.28.3-linux-x86_64/bin/cmake --install /home/sriramk/unitree_ws/build/go1_tools_low
[0.234s] Level 1:colcon.colcon_core.environment:checking '/home/sriramk/unitree_ws/install/go1_tools_low' for CMake module files
[0.235s] Level 1:colcon.colcon_core.environment:checking '/home/sriramk/unitree_ws/install/go1_tools_low' for CMake config files
[0.235s] Level 1:colcon.colcon_core.shell:create_environment_hook('go1_tools_low', 'cmake_prefix_path')
[0.235s] INFO:colcon.colcon_core.shell:Creating environment hook '/home/sriramk/unitree_ws/install/go1_tools_low/share/go1_tools_low/hook/cmake_prefix_path.ps1'
[0.235s] INFO:colcon.colcon_core.shell:Creating environment descriptor '/home/sriramk/unitree_ws/install/go1_tools_low/share/go1_tools_low/hook/cmake_prefix_path.dsv'
[0.235s] INFO:colcon.colcon_core.shell:Creating environment hook '/home/sriramk/unitree_ws/install/go1_tools_low/share/go1_tools_low/hook/cmake_prefix_path.sh'
[0.236s] Level 1:colcon.colcon_core.environment:checking '/home/sriramk/unitree_ws/install/go1_tools_low/lib'
[0.236s] Level 1:colcon.colcon_core.shell:create_environment_hook('go1_tools_low', 'ld_library_path_lib')
[0.236s] INFO:colcon.colcon_core.shell:Creating environment hook '/home/sriramk/unitree_ws/install/go1_tools_low/share/go1_tools_low/hook/ld_library_path_lib.ps1'
[0.236s] INFO:colcon.colcon_core.shell:Creating environment descriptor '/home/sriramk/unitree_ws/install/go1_tools_low/share/go1_tools_low/hook/ld_library_path_lib.dsv'
[0.236s] INFO:colcon.colcon_core.shell:Creating environment hook '/home/sriramk/unitree_ws/install/go1_tools_low/share/go1_tools_low/hook/ld_library_path_lib.sh'
[0.237s] Level 1:colcon.colcon_core.environment:checking '/home/sriramk/unitree_ws/install/go1_tools_low/bin'
[0.237s] Level 1:colcon.colcon_core.environment:checking '/home/sriramk/unitree_ws/install/go1_tools_low/lib/pkgconfig/go1_tools_low.pc'
[0.237s] Level 1:colcon.colcon_core.environment:checking '/home/sriramk/unitree_ws/install/go1_tools_low/lib/python3.10/site-packages'
[0.237s] Level 1:colcon.colcon_core.environment:checking '/home/sriramk/unitree_ws/install/go1_tools_low/bin'
[0.237s] INFO:colcon.colcon_core.shell:Creating package script '/home/sriramk/unitree_ws/install/go1_tools_low/share/go1_tools_low/package.ps1'
[0.237s] INFO:colcon.colcon_core.shell:Creating package descriptor '/home/sriramk/unitree_ws/install/go1_tools_low/share/go1_tools_low/package.dsv'
[0.238s] INFO:colcon.colcon_core.shell:Creating package script '/home/sriramk/unitree_ws/install/go1_tools_low/share/go1_tools_low/package.sh'
[0.238s] INFO:colcon.colcon_core.shell:Creating package script '/home/sriramk/unitree_ws/install/go1_tools_low/share/go1_tools_low/package.bash'
[0.238s] INFO:colcon.colcon_core.shell:Creating package script '/home/sriramk/unitree_ws/install/go1_tools_low/share/go1_tools_low/package.zsh'
[0.239s] Level 1:colcon.colcon_core.environment:create_file_with_runtime_dependencies(/home/sriramk/unitree_ws/install/go1_tools_low/share/colcon-core/packages/go1_tools_low)
[0.239s] Level 1:colcon.colcon_core.environment:create_environment_scripts_only(go1_tools_low)
[0.239s] Level 1:colcon.colcon_core.environment:checking '/home/sriramk/unitree_ws/install/go1_tools_low' for CMake module files
[0.239s] Level 1:colcon.colcon_core.environment:checking '/home/sriramk/unitree_ws/install/go1_tools_low' for CMake config files
[0.239s] Level 1:colcon.colcon_core.shell:create_environment_hook('go1_tools_low', 'cmake_prefix_path')
[0.239s] INFO:colcon.colcon_core.shell:Creating environment hook '/home/sriramk/unitree_ws/install/go1_tools_low/share/go1_tools_low/hook/cmake_prefix_path.ps1'
[0.240s] INFO:colcon.colcon_core.shell:Creating environment descriptor '/home/sriramk/unitree_ws/install/go1_tools_low/share/go1_tools_low/hook/cmake_prefix_path.dsv'
[0.240s] INFO:colcon.colcon_core.shell:Creating environment hook '/home/sriramk/unitree_ws/install/go1_tools_low/share/go1_tools_low/hook/cmake_prefix_path.sh'
[0.240s] Level 1:colcon.colcon_core.environment:checking '/home/sriramk/unitree_ws/install/go1_tools_low/lib'
[0.240s] Level 1:colcon.colcon_core.shell:create_environment_hook('go1_tools_low', 'ld_library_path_lib')
[0.240s] INFO:colcon.colcon_core.shell:Creating environment hook '/home/sriramk/unitree_ws/install/go1_tools_low/share/go1_tools_low/hook/ld_library_path_lib.ps1'
[0.240s] INFO:colcon.colcon_core.shell:Creating environment descriptor '/home/sriramk/unitree_ws/install/go1_tools_low/share/go1_tools_low/hook/ld_library_path_lib.dsv'
[0.240s] INFO:colcon.colcon_core.shell:Creating environment hook '/home/sriramk/unitree_ws/install/go1_tools_low/share/go1_tools_low/hook/ld_library_path_lib.sh'
[0.241s] Level 1:colcon.colcon_core.environment:checking '/home/sriramk/unitree_ws/install/go1_tools_low/bin'
[0.241s] Level 1:colcon.colcon_core.environment:checking '/home/sriramk/unitree_ws/install/go1_tools_low/lib/pkgconfig/go1_tools_low.pc'
[0.241s] Level 1:colcon.colcon_core.environment:checking '/home/sriramk/unitree_ws/install/go1_tools_low/lib/python3.10/site-packages'
[0.241s] Level 1:colcon.colcon_core.environment:checking '/home/sriramk/unitree_ws/install/go1_tools_low/bin'
[0.241s] INFO:colcon.colcon_core.shell:Creating package script '/home/sriramk/unitree_ws/install/go1_tools_low/share/go1_tools_low/package.ps1'
[0.241s] INFO:colcon.colcon_core.shell:Creating package descriptor '/home/sriramk/unitree_ws/install/go1_tools_low/share/go1_tools_low/package.dsv'
[0.242s] INFO:colcon.colcon_core.shell:Creating package script '/home/sriramk/unitree_ws/install/go1_tools_low/share/go1_tools_low/package.sh'
[0.242s] INFO:colcon.colcon_core.shell:Creating package script '/home/sriramk/unitree_ws/install/go1_tools_low/share/go1_tools_low/package.bash'
[0.242s] INFO:colcon.colcon_core.shell:Creating package script '/home/sriramk/unitree_ws/install/go1_tools_low/share/go1_tools_low/package.zsh'
[0.242s] Level 1:colcon.colcon_core.environment:create_file_with_runtime_dependencies(/home/sriramk/unitree_ws/install/go1_tools_low/share/colcon-core/packages/go1_tools_low)
[0.242s] DEBUG:colcon.colcon_parallel_executor.executor.parallel:closing loop
[0.242s] DEBUG:colcon.colcon_parallel_executor.executor.parallel:loop closed
[0.242s] DEBUG:colcon.colcon_parallel_executor.executor.parallel:run_until_complete finished with '0'
[0.242s] DEBUG:colcon.colcon_core.event_reactor:joining thread
[0.246s] INFO:colcon.colcon_core.plugin_system:Skipping extension 'colcon_notification.desktop_notification.terminal_notifier': Not used on non-Darwin systems
[0.246s] INFO:colcon.colcon_core.plugin_system:Skipping extension 'colcon_notification.desktop_notification.win32': Not used on non-Windows systems
[0.246s] INFO:colcon.colcon_notification.desktop_notification:Sending desktop notification using 'notify2'
[0.252s] DEBUG:colcon.colcon_core.event_reactor:joined thread
[0.252s] INFO:colcon.colcon_core.shell:Creating prefix script '/home/sriramk/unitree_ws/install/local_setup.ps1'
[0.253s] INFO:colcon.colcon_core.shell:Creating prefix util module '/home/sriramk/unitree_ws/install/_local_setup_util_ps1.py'
[0.253s] INFO:colcon.colcon_core.shell:Creating prefix chain script '/home/sriramk/unitree_ws/install/setup.ps1'
[0.254s] INFO:colcon.colcon_core.shell:Creating prefix script '/home/sriramk/unitree_ws/install/local_setup.sh'
[0.254s] INFO:colcon.colcon_core.shell:Creating prefix util module '/home/sriramk/unitree_ws/install/_local_setup_util_sh.py'
[0.255s] INFO:colcon.colcon_core.shell:Creating prefix chain script '/home/sriramk/unitree_ws/install/setup.sh'
[0.255s] INFO:colcon.colcon_core.shell:Creating prefix script '/home/sriramk/unitree_ws/install/local_setup.bash'
[0.256s] INFO:colcon.colcon_core.shell:Creating prefix chain script '/home/sriramk/unitree_ws/install/setup.bash'
[0.256s] INFO:colcon.colcon_core.shell:Creating prefix script '/home/sriramk/unitree_ws/install/local_setup.zsh'
[0.256s] INFO:colcon.colcon_core.shell:Creating prefix chain script '/home/sriramk/unitree_ws/install/setup.zsh'
