[0.008s] Invoking command in '/home/sriramk/unitree_ws/build/go1_tools_high': CMAKE_PREFIX_PATH=/home/sriramk/unitree_ws/install/ros2_unitree_legged_msgs:/home/sriramk/unitree_ws/install/unitree_legged_real:/home/sriramk/unitree_ws/install/go1_tools_low:/home/sriramk/unitree_ws/install/go1_tools_high:/home/sriramk/unitree_ws/install/go1_description:/home/sriramk/Quadruped-PyMPC/ros2/msgs_ws/install/dls2_interface:/home/sriramk/UFactory-850/install/xarm_planner:/home/sriramk/UFactory-850/install/xarm_moveit_servo:/home/sriramk/UFactory-850/install/xarm_moveit_config:/home/sriramk/UFactory-850/install/xarm_gazebo:/home/sriramk/UFactory-850/install/xarm_controller:/home/sriramk/UFactory-850/install/d435i_xarm_setup:/home/sriramk/UFactory-850/install/xarm_api:/home/sriramk/UFactory-850/install/xarm_sdk:/home/sriramk/UFactory-850/install/xarm_msgs:/home/sriramk/UFactory-850/install/xarm_description:/home/sriramk/UFactory-850/install/realsense_gazebo_plugin:/home/sriramk/UFactory-850/install/mbot_demo:/home/sriramk/UFactory-850/install/uf_ros_lib:/opt/ros/humble LD_LIBRARY_PATH=/home/sriramk/unitree_ws/install/ros2_unitree_legged_msgs/lib:/home/sriramk/unitree_ws/install/unitree_legged_real/lib:/home/sriramk/unitree_ws/install/go1_tools_low/lib:/home/sriramk/unitree_ws/install/go1_tools_high/lib:/home/sriramk/Quadruped-PyMPC/ros2/msgs_ws/install/dls2_interface/lib:/home/sriramk/UFactory-850/install/xarm_planner/lib:/home/sriramk/UFactory-850/install/xarm_moveit_servo/lib:/home/sriramk/UFactory-850/install/xarm_gazebo/lib:/home/sriramk/UFactory-850/install/xarm_controller/lib:/home/sriramk/UFactory-850/install/xarm_api/lib:/home/sriramk/UFactory-850/install/xarm_sdk/lib:/home/sriramk/UFactory-850/install/xarm_msgs/lib:/home/sriramk/UFactory-850/install/realsense_gazebo_plugin/lib:/usr/lib/x86_64-linux-gnu/gazebo-11/plugins:/opt/ros/humble/opt/rviz_ogre_vendor/lib:/opt/ros/humble/lib/x86_64-linux-gnu:/opt/ros/humble/lib:/home/sriramk/Quadruped-PyMPC/quadruped_pympc/acados/lib /opt/cmake-3.28.3-linux-x86_64/bin/cmake /home/sriramk/unitree_ws/src/go1_tools_high -DAMENT_CMAKE_SYMLINK_INSTALL=1 -DCMAKE_INSTALL_PREFIX=/home/sriramk/unitree_ws/install/go1_tools_high
[0.044s] -- The C compiler identification is GNU 11.4.0
[0.080s] -- The CXX compiler identification is GNU 11.4.0
[0.091s] -- Detecting C compiler ABI info
[0.132s] -- Detecting C compiler ABI info - done
[0.141s] -- Check for working C compiler: /usr/bin/cc - skipped
[0.141s] -- Detecting C compile features
[0.141s] -- Detecting C compile features - done
[0.148s] -- Detecting CXX compiler ABI info
[0.197s] -- Detecting CXX compiler ABI info - done
[0.203s] -- Check for working CXX compiler: /usr/bin/c++ - skipped
[0.203s] -- Detecting CXX compile features
[0.203s] -- Detecting CXX compile features - done
[0.205s] -- Found ament_cmake: 1.3.12 (/opt/ros/humble/share/ament_cmake/cmake)
[0.320s] -- Found Python3: /usr/bin/python3 (found version "3.10.12") found components: Interpreter 
[0.361s] -- Override CMake install command with custom implementation using symlinks instead of copying resources
[0.383s] -- Found rclcpp: 16.0.14 (/opt/ros/humble/share/rclcpp/cmake)
[0.413s] -- Found rosidl_generator_c: 3.1.7 (/opt/ros/humble/share/rosidl_generator_c/cmake)
[0.417s] -- Found rosidl_adapter: 3.1.7 (/opt/ros/humble/share/rosidl_adapter/cmake)
[0.423s] -- Found rosidl_generator_cpp: 3.1.7 (/opt/ros/humble/share/rosidl_generator_cpp/cmake)
[0.432s] -- Using all available rosidl_typesupport_c: rosidl_typesupport_fastrtps_c;rosidl_typesupport_introspection_c
[0.445s] -- Using all available rosidl_typesupport_cpp: rosidl_typesupport_fastrtps_cpp;rosidl_typesupport_introspection_cpp
[0.478s] -- Found rmw_implementation_cmake: 6.1.2 (/opt/ros/humble/share/rmw_implementation_cmake/cmake)
[0.481s] -- Found rmw_cyclonedds_cpp: 1.3.4 (/opt/ros/humble/share/rmw_cyclonedds_cpp/cmake)
[0.497s] -- Using RMW implementation 'rmw_cyclonedds_cpp' as default
[0.504s] -- Performing Test CMAKE_HAVE_LIBC_PTHREAD
[0.553s] -- Performing Test CMAKE_HAVE_LIBC_PTHREAD - Success
[0.554s] -- Found Threads: TRUE  
[0.593s] -- Found geometry_msgs: 4.9.0 (/opt/ros/humble/share/geometry_msgs/cmake)
[0.603s] -- Found ros2_unitree_legged_msgs: 0.4.0 (/home/sriramk/unitree_ws/install/ros2_unitree_legged_msgs/share/ros2_unitree_legged_msgs/cmake)
[0.651s] -- Configuring done (0.6s)
[0.658s] -- Generating done (0.0s)
[0.661s] -- Build files have been written to: /home/sriramk/unitree_ws/build/go1_tools_high
[0.665s] Invoked command in '/home/sriramk/unitree_ws/build/go1_tools_high' returned '0': CMAKE_PREFIX_PATH=/home/sriramk/unitree_ws/install/ros2_unitree_legged_msgs:/home/sriramk/unitree_ws/install/unitree_legged_real:/home/sriramk/unitree_ws/install/go1_tools_low:/home/sriramk/unitree_ws/install/go1_tools_high:/home/sriramk/unitree_ws/install/go1_description:/home/sriramk/Quadruped-PyMPC/ros2/msgs_ws/install/dls2_interface:/home/sriramk/UFactory-850/install/xarm_planner:/home/sriramk/UFactory-850/install/xarm_moveit_servo:/home/sriramk/UFactory-850/install/xarm_moveit_config:/home/sriramk/UFactory-850/install/xarm_gazebo:/home/sriramk/UFactory-850/install/xarm_controller:/home/sriramk/UFactory-850/install/d435i_xarm_setup:/home/sriramk/UFactory-850/install/xarm_api:/home/sriramk/UFactory-850/install/xarm_sdk:/home/sriramk/UFactory-850/install/xarm_msgs:/home/sriramk/UFactory-850/install/xarm_description:/home/sriramk/UFactory-850/install/realsense_gazebo_plugin:/home/sriramk/UFactory-850/install/mbot_demo:/home/sriramk/UFactory-850/install/uf_ros_lib:/opt/ros/humble LD_LIBRARY_PATH=/home/sriramk/unitree_ws/install/ros2_unitree_legged_msgs/lib:/home/sriramk/unitree_ws/install/unitree_legged_real/lib:/home/sriramk/unitree_ws/install/go1_tools_low/lib:/home/sriramk/unitree_ws/install/go1_tools_high/lib:/home/sriramk/Quadruped-PyMPC/ros2/msgs_ws/install/dls2_interface/lib:/home/sriramk/UFactory-850/install/xarm_planner/lib:/home/sriramk/UFactory-850/install/xarm_moveit_servo/lib:/home/sriramk/UFactory-850/install/xarm_gazebo/lib:/home/sriramk/UFactory-850/install/xarm_controller/lib:/home/sriramk/UFactory-850/install/xarm_api/lib:/home/sriramk/UFactory-850/install/xarm_sdk/lib:/home/sriramk/UFactory-850/install/xarm_msgs/lib:/home/sriramk/UFactory-850/install/realsense_gazebo_plugin/lib:/usr/lib/x86_64-linux-gnu/gazebo-11/plugins:/opt/ros/humble/opt/rviz_ogre_vendor/lib:/opt/ros/humble/lib/x86_64-linux-gnu:/opt/ros/humble/lib:/home/sriramk/Quadruped-PyMPC/quadruped_pympc/acados/lib /opt/cmake-3.28.3-linux-x86_64/bin/cmake /home/sriramk/unitree_ws/src/go1_tools_high -DAMENT_CMAKE_SYMLINK_INSTALL=1 -DCMAKE_INSTALL_PREFIX=/home/sriramk/unitree_ws/install/go1_tools_high
[0.666s] Invoking command in '/home/sriramk/unitree_ws/build/go1_tools_high': CMAKE_PREFIX_PATH=/home/sriramk/unitree_ws/install/ros2_unitree_legged_msgs:/home/sriramk/unitree_ws/install/unitree_legged_real:/home/sriramk/unitree_ws/install/go1_tools_low:/home/sriramk/unitree_ws/install/go1_tools_high:/home/sriramk/unitree_ws/install/go1_description:/home/sriramk/Quadruped-PyMPC/ros2/msgs_ws/install/dls2_interface:/home/sriramk/UFactory-850/install/xarm_planner:/home/sriramk/UFactory-850/install/xarm_moveit_servo:/home/sriramk/UFactory-850/install/xarm_moveit_config:/home/sriramk/UFactory-850/install/xarm_gazebo:/home/sriramk/UFactory-850/install/xarm_controller:/home/sriramk/UFactory-850/install/d435i_xarm_setup:/home/sriramk/UFactory-850/install/xarm_api:/home/sriramk/UFactory-850/install/xarm_sdk:/home/sriramk/UFactory-850/install/xarm_msgs:/home/sriramk/UFactory-850/install/xarm_description:/home/sriramk/UFactory-850/install/realsense_gazebo_plugin:/home/sriramk/UFactory-850/install/mbot_demo:/home/sriramk/UFactory-850/install/uf_ros_lib:/opt/ros/humble LD_LIBRARY_PATH=/home/sriramk/unitree_ws/install/ros2_unitree_legged_msgs/lib:/home/sriramk/unitree_ws/install/unitree_legged_real/lib:/home/sriramk/unitree_ws/install/go1_tools_low/lib:/home/sriramk/unitree_ws/install/go1_tools_high/lib:/home/sriramk/Quadruped-PyMPC/ros2/msgs_ws/install/dls2_interface/lib:/home/sriramk/UFactory-850/install/xarm_planner/lib:/home/sriramk/UFactory-850/install/xarm_moveit_servo/lib:/home/sriramk/UFactory-850/install/xarm_gazebo/lib:/home/sriramk/UFactory-850/install/xarm_controller/lib:/home/sriramk/UFactory-850/install/xarm_api/lib:/home/sriramk/UFactory-850/install/xarm_sdk/lib:/home/sriramk/UFactory-850/install/xarm_msgs/lib:/home/sriramk/UFactory-850/install/realsense_gazebo_plugin/lib:/usr/lib/x86_64-linux-gnu/gazebo-11/plugins:/opt/ros/humble/opt/rviz_ogre_vendor/lib:/opt/ros/humble/lib/x86_64-linux-gnu:/opt/ros/humble/lib:/home/sriramk/Quadruped-PyMPC/quadruped_pympc/acados/lib /opt/cmake-3.28.3-linux-x86_64/bin/cmake --build /home/sriramk/unitree_ws/build/go1_tools_high -- -j24 -l24
[0.682s] [ 25%] [32mBuilding CXX object CMakeFiles/ros2_highcmd_profile.dir/src/ros2_highcmd_profile.cpp.o[0m
[0.682s] [ 50%] [32mBuilding CXX object CMakeFiles/ros2_highcmd_loop.dir/src/ros2_highcmd_loop.cpp.o[0m
[3.333s] [ 75%] [32m[1mLinking CXX executable ros2_highcmd_profile[0m
[3.554s] [ 75%] Built target ros2_highcmd_profile
[3.640s] [100%] [32m[1mLinking CXX executable ros2_highcmd_loop[0m
[3.859s] [100%] Built target ros2_highcmd_loop
[3.863s] Invoked command in '/home/sriramk/unitree_ws/build/go1_tools_high' returned '0': CMAKE_PREFIX_PATH=/home/sriramk/unitree_ws/install/ros2_unitree_legged_msgs:/home/sriramk/unitree_ws/install/unitree_legged_real:/home/sriramk/unitree_ws/install/go1_tools_low:/home/sriramk/unitree_ws/install/go1_tools_high:/home/sriramk/unitree_ws/install/go1_description:/home/sriramk/Quadruped-PyMPC/ros2/msgs_ws/install/dls2_interface:/home/sriramk/UFactory-850/install/xarm_planner:/home/sriramk/UFactory-850/install/xarm_moveit_servo:/home/sriramk/UFactory-850/install/xarm_moveit_config:/home/sriramk/UFactory-850/install/xarm_gazebo:/home/sriramk/UFactory-850/install/xarm_controller:/home/sriramk/UFactory-850/install/d435i_xarm_setup:/home/sriramk/UFactory-850/install/xarm_api:/home/sriramk/UFactory-850/install/xarm_sdk:/home/sriramk/UFactory-850/install/xarm_msgs:/home/sriramk/UFactory-850/install/xarm_description:/home/sriramk/UFactory-850/install/realsense_gazebo_plugin:/home/sriramk/UFactory-850/install/mbot_demo:/home/sriramk/UFactory-850/install/uf_ros_lib:/opt/ros/humble LD_LIBRARY_PATH=/home/sriramk/unitree_ws/install/ros2_unitree_legged_msgs/lib:/home/sriramk/unitree_ws/install/unitree_legged_real/lib:/home/sriramk/unitree_ws/install/go1_tools_low/lib:/home/sriramk/unitree_ws/install/go1_tools_high/lib:/home/sriramk/Quadruped-PyMPC/ros2/msgs_ws/install/dls2_interface/lib:/home/sriramk/UFactory-850/install/xarm_planner/lib:/home/sriramk/UFactory-850/install/xarm_moveit_servo/lib:/home/sriramk/UFactory-850/install/xarm_gazebo/lib:/home/sriramk/UFactory-850/install/xarm_controller/lib:/home/sriramk/UFactory-850/install/xarm_api/lib:/home/sriramk/UFactory-850/install/xarm_sdk/lib:/home/sriramk/UFactory-850/install/xarm_msgs/lib:/home/sriramk/UFactory-850/install/realsense_gazebo_plugin/lib:/usr/lib/x86_64-linux-gnu/gazebo-11/plugins:/opt/ros/humble/opt/rviz_ogre_vendor/lib:/opt/ros/humble/lib/x86_64-linux-gnu:/opt/ros/humble/lib:/home/sriramk/Quadruped-PyMPC/quadruped_pympc/acados/lib /opt/cmake-3.28.3-linux-x86_64/bin/cmake --build /home/sriramk/unitree_ws/build/go1_tools_high -- -j24 -l24
[3.864s] Invoking command in '/home/sriramk/unitree_ws/build/go1_tools_high': CMAKE_PREFIX_PATH=/home/sriramk/unitree_ws/install/ros2_unitree_legged_msgs:/home/sriramk/unitree_ws/install/unitree_legged_real:/home/sriramk/unitree_ws/install/go1_tools_low:/home/sriramk/unitree_ws/install/go1_tools_high:/home/sriramk/unitree_ws/install/go1_description:/home/sriramk/Quadruped-PyMPC/ros2/msgs_ws/install/dls2_interface:/home/sriramk/UFactory-850/install/xarm_planner:/home/sriramk/UFactory-850/install/xarm_moveit_servo:/home/sriramk/UFactory-850/install/xarm_moveit_config:/home/sriramk/UFactory-850/install/xarm_gazebo:/home/sriramk/UFactory-850/install/xarm_controller:/home/sriramk/UFactory-850/install/d435i_xarm_setup:/home/sriramk/UFactory-850/install/xarm_api:/home/sriramk/UFactory-850/install/xarm_sdk:/home/sriramk/UFactory-850/install/xarm_msgs:/home/sriramk/UFactory-850/install/xarm_description:/home/sriramk/UFactory-850/install/realsense_gazebo_plugin:/home/sriramk/UFactory-850/install/mbot_demo:/home/sriramk/UFactory-850/install/uf_ros_lib:/opt/ros/humble LD_LIBRARY_PATH=/home/sriramk/unitree_ws/install/ros2_unitree_legged_msgs/lib:/home/sriramk/unitree_ws/install/unitree_legged_real/lib:/home/sriramk/unitree_ws/install/go1_tools_low/lib:/home/sriramk/unitree_ws/install/go1_tools_high/lib:/home/sriramk/Quadruped-PyMPC/ros2/msgs_ws/install/dls2_interface/lib:/home/sriramk/UFactory-850/install/xarm_planner/lib:/home/sriramk/UFactory-850/install/xarm_moveit_servo/lib:/home/sriramk/UFactory-850/install/xarm_gazebo/lib:/home/sriramk/UFactory-850/install/xarm_controller/lib:/home/sriramk/UFactory-850/install/xarm_api/lib:/home/sriramk/UFactory-850/install/xarm_sdk/lib:/home/sriramk/UFactory-850/install/xarm_msgs/lib:/home/sriramk/UFactory-850/install/realsense_gazebo_plugin/lib:/usr/lib/x86_64-linux-gnu/gazebo-11/plugins:/opt/ros/humble/opt/rviz_ogre_vendor/lib:/opt/ros/humble/lib/x86_64-linux-gnu:/opt/ros/humble/lib:/home/sriramk/Quadruped-PyMPC/quadruped_pympc/acados/lib /opt/cmake-3.28.3-linux-x86_64/bin/cmake --install /home/sriramk/unitree_ws/build/go1_tools_high
[3.866s] -- Install configuration: ""
[3.866s] -- Execute custom install script
[3.867s] -- Symlinking: /home/sriramk/unitree_ws/install/go1_tools_high/lib/libunitree_legged_sdk_amd64.so
[3.869s] -- Symlinking: /home/sriramk/unitree_ws/install/go1_tools_high/lib/libunitree_legged_sdk_arm64.so
[3.871s] -- Symlinking: /home/sriramk/unitree_ws/install/go1_tools_high/lib/go1_tools_high/go1_high_state_converter.py
[3.873s] -- Symlinking: /home/sriramk/unitree_ws/install/go1_tools_high/lib/go1_tools_high/ros2_highcmd_profile
[3.875s] -- Symlinking: /home/sriramk/unitree_ws/install/go1_tools_high/lib/go1_tools_high/ros2_highcmd_loop
[3.877s] -- Symlinking: /home/sriramk/unitree_ws/install/go1_tools_high/share/go1_tools_high/launch/ekf_highcmd_loop_record.launch.py
[3.879s] -- Symlinking: /home/sriramk/unitree_ws/install/go1_tools_high/share/go1_tools_high/config/ekf_high_twist.yaml
[3.881s] -- Symlinking: /home/sriramk/unitree_ws/install/go1_tools_high/share/go1_tools_high/config/go1_ekf_layout.xml
[3.883s] -- Symlinking: /home/sriramk/unitree_ws/install/go1_tools_high/share/ament_index/resource_index/package_run_dependencies/go1_tools_high
[3.885s] -- Symlinking: /home/sriramk/unitree_ws/install/go1_tools_high/share/ament_index/resource_index/parent_prefix_path/go1_tools_high
[3.887s] -- Symlinking: /home/sriramk/unitree_ws/install/go1_tools_high/share/go1_tools_high/environment/ament_prefix_path.sh
[3.889s] -- Symlinking: /home/sriramk/unitree_ws/install/go1_tools_high/share/go1_tools_high/environment/ament_prefix_path.dsv
[3.891s] -- Symlinking: /home/sriramk/unitree_ws/install/go1_tools_high/share/go1_tools_high/environment/path.sh
[3.893s] -- Symlinking: /home/sriramk/unitree_ws/install/go1_tools_high/share/go1_tools_high/environment/path.dsv
[3.895s] -- Symlinking: /home/sriramk/unitree_ws/install/go1_tools_high/share/go1_tools_high/local_setup.bash
[3.897s] -- Symlinking: /home/sriramk/unitree_ws/install/go1_tools_high/share/go1_tools_high/local_setup.sh
[3.899s] -- Symlinking: /home/sriramk/unitree_ws/install/go1_tools_high/share/go1_tools_high/local_setup.zsh
[3.901s] -- Symlinking: /home/sriramk/unitree_ws/install/go1_tools_high/share/go1_tools_high/local_setup.dsv
[3.903s] -- Symlinking: /home/sriramk/unitree_ws/install/go1_tools_high/share/go1_tools_high/package.dsv
[3.905s] -- Symlinking: /home/sriramk/unitree_ws/install/go1_tools_high/share/ament_index/resource_index/packages/go1_tools_high
[3.907s] -- Symlinking: /home/sriramk/unitree_ws/install/go1_tools_high/share/go1_tools_high/cmake/go1_tools_highConfig.cmake
[3.909s] -- Symlinking: /home/sriramk/unitree_ws/install/go1_tools_high/share/go1_tools_high/cmake/go1_tools_highConfig-version.cmake
[3.911s] -- Symlinking: /home/sriramk/unitree_ws/install/go1_tools_high/share/go1_tools_high/package.xml
[3.915s] Invoked command in '/home/sriramk/unitree_ws/build/go1_tools_high' returned '0': CMAKE_PREFIX_PATH=/home/sriramk/unitree_ws/install/ros2_unitree_legged_msgs:/home/sriramk/unitree_ws/install/unitree_legged_real:/home/sriramk/unitree_ws/install/go1_tools_low:/home/sriramk/unitree_ws/install/go1_tools_high:/home/sriramk/unitree_ws/install/go1_description:/home/sriramk/Quadruped-PyMPC/ros2/msgs_ws/install/dls2_interface:/home/sriramk/UFactory-850/install/xarm_planner:/home/sriramk/UFactory-850/install/xarm_moveit_servo:/home/sriramk/UFactory-850/install/xarm_moveit_config:/home/sriramk/UFactory-850/install/xarm_gazebo:/home/sriramk/UFactory-850/install/xarm_controller:/home/sriramk/UFactory-850/install/d435i_xarm_setup:/home/sriramk/UFactory-850/install/xarm_api:/home/sriramk/UFactory-850/install/xarm_sdk:/home/sriramk/UFactory-850/install/xarm_msgs:/home/sriramk/UFactory-850/install/xarm_description:/home/sriramk/UFactory-850/install/realsense_gazebo_plugin:/home/sriramk/UFactory-850/install/mbot_demo:/home/sriramk/UFactory-850/install/uf_ros_lib:/opt/ros/humble LD_LIBRARY_PATH=/home/sriramk/unitree_ws/install/ros2_unitree_legged_msgs/lib:/home/sriramk/unitree_ws/install/unitree_legged_real/lib:/home/sriramk/unitree_ws/install/go1_tools_low/lib:/home/sriramk/unitree_ws/install/go1_tools_high/lib:/home/sriramk/Quadruped-PyMPC/ros2/msgs_ws/install/dls2_interface/lib:/home/sriramk/UFactory-850/install/xarm_planner/lib:/home/sriramk/UFactory-850/install/xarm_moveit_servo/lib:/home/sriramk/UFactory-850/install/xarm_gazebo/lib:/home/sriramk/UFactory-850/install/xarm_controller/lib:/home/sriramk/UFactory-850/install/xarm_api/lib:/home/sriramk/UFactory-850/install/xarm_sdk/lib:/home/sriramk/UFactory-850/install/xarm_msgs/lib:/home/sriramk/UFactory-850/install/realsense_gazebo_plugin/lib:/usr/lib/x86_64-linux-gnu/gazebo-11/plugins:/opt/ros/humble/opt/rviz_ogre_vendor/lib:/opt/ros/humble/lib/x86_64-linux-gnu:/opt/ros/humble/lib:/home/sriramk/Quadruped-PyMPC/quadruped_pympc/acados/lib /opt/cmake-3.28.3-linux-x86_64/bin/cmake --install /home/sriramk/unitree_ws/build/go1_tools_high
